2025-12-12T00:58:43+07:00 REMOTE=::1 REQ=GET URI=/ajo/api.php?action=sales_summary&date=2025-12-12
COOKIES: {"PHPSESSID":"mkjf4btqt8qi009espcdqqaidq"}
SESSION_ID: mkjf4btqt8qi009espcdqqaidq
SESSION_CONTENT: {"user":{"id":8,"full_name":"ibrahim syahputra","fullname":"","email":"ibraputra111@gmail.com","created_at":"2025-12-11 20:58:31"},"admin":{"id":1,"username":"admin","name":"Administrator"}}
------------------------------------------------------------
2025-12-12T00:59:01+07:00 REMOTE=::1 REQ=GET URI=/ajo/api.php?action=sales_summary&date=2025-12-12
COOKIES: {"PHPSESSID":"mkjf4btqt8qi009espcdqqaidq"}
SESSION_ID: mkjf4btqt8qi009espcdqqaidq
SESSION_CONTENT: {"user":{"id":8,"full_name":"ibrahim syahputra","fullname":"","email":"ibraputra111@gmail.com","created_at":"2025-12-11 20:58:31"},"admin":{"id":1,"username":"admin","name":"Administrator"}}
------------------------------------------------------------
2025-12-12T00:59:05+07:00 REMOTE=::1 REQ=GET URI=/ajo/api.php?action=sales_summary&date=2025-12-12
COOKIES: {"PHPSESSID":"mkjf4btqt8qi009espcdqqaidq"}
SESSION_ID: mkjf4btqt8qi009espcdqqaidq
SESSION_CONTENT: {"user":{"id":8,"full_name":"ibrahim syahputra","fullname":"","email":"ibraputra111@gmail.com","created_at":"2025-12-11 20:58:31"},"admin":{"id":1,"username":"admin","name":"Administrator"}}
------------------------------------------------------------
2025-12-12T00:59:11+07:00 REMOTE=::1 REQ=GET URI=/ajo/api.php?action=sales_summary&date=2025-12-12
COOKIES: {"PHPSESSID":"mkjf4btqt8qi009espcdqqaidq"}
SESSION_ID: mkjf4btqt8qi009espcdqqaidq
SESSION_CONTENT: {"user":{"id":8,"full_name":"ibrahim syahputra","fullname":"","email":"ibraputra111@gmail.com","created_at":"2025-12-11 20:58:31"},"admin":{"id":1,"username":"admin","name":"Administrator"}}
------------------------------------------------------------
2025-12-12T00:59:16+07:00 REMOTE=::1 REQ=GET URI=/ajo/api.php?action=sales_summary&date=2025-12-12
COOKIES: {"PHPSESSID":"mkjf4btqt8qi009espcdqqaidq"}
SESSION_ID: mkjf4btqt8qi009espcdqqaidq
SESSION_CONTENT: {"user":{"id":8,"full_name":"ibrahim syahputra","fullname":"","email":"ibraputra111@gmail.com","created_at":"2025-12-11 20:58:31"},"admin":{"id":1,"username":"admin","name":"Administrator"}}
------------------------------------------------------------
2025-12-12T01:04:16+07:00 REMOTE=::1 REQ=GET URI=/ajo/api.php?action=sales_summary&date=2025-12-12
COOKIES: {"PHPSESSID":"mkjf4btqt8qi009espcdqqaidq"}
SESSION_ID: mkjf4btqt8qi009espcdqqaidq
SESSION_CONTENT: {"user":{"id":8,"full_name":"ibrahim syahputra","fullname":"","email":"ibraputra111@gmail.com","created_at":"2025-12-11 20:58:31"},"admin":{"id":1,"username":"admin","name":"Administrator"}}
------------------------------------------------------------
2025-12-12T01:04:19+07:00 REMOTE=::1 REQ=GET URI=/ajo/api.php?action=sales_summary&date=2025-12-12
COOKIES: {"PHPSESSID":"mkjf4btqt8qi009espcdqqaidq"}
SESSION_ID: mkjf4btqt8qi009espcdqqaidq
SESSION_CONTENT: {"user":{"id":8,"full_name":"ibrahim syahputra","fullname":"","email":"ibraputra111@gmail.com","created_at":"2025-12-11 20:58:31"},"admin":{"id":1,"username":"admin","name":"Administrator"}}
------------------------------------------------------------
2025-12-12T01:04:24+07:00 REMOTE=::1 REQ=GET URI=/ajo/api.php?action=sales_summary&date=2025-12-12
COOKIES: {"PHPSESSID":"mkjf4btqt8qi009espcdqqaidq"}
SESSION_ID: mkjf4btqt8qi009espcdqqaidq
SESSION_CONTENT: {"user":{"id":8,"full_name":"ibrahim syahputra","fullname":"","email":"ibraputra111@gmail.com","created_at":"2025-12-11 20:58:31"},"admin":{"id":1,"username":"admin","name":"Administrator"}}
------------------------------------------------------------
2025-12-12T01:04:29+07:00 REMOTE=::1 REQ=GET URI=/ajo/api.php?action=sales_summary&date=2025-12-12
COOKIES: {"PHPSESSID":"mkjf4btqt8qi009espcdqqaidq"}
SESSION_ID: mkjf4btqt8qi009espcdqqaidq
SESSION_CONTENT: {"user":{"id":8,"full_name":"ibrahim syahputra","fullname":"","email":"ibraputra111@gmail.com","created_at":"2025-12-11 20:58:31"},"admin":{"id":1,"username":"admin","name":"Administrator"}}
------------------------------------------------------------
2025-12-12T01:04:34+07:00 REMOTE=::1 REQ=GET URI=/ajo/api.php?action=sales_summary&date=2025-12-12
COOKIES: {"PHPSESSID":"mkjf4btqt8qi009espcdqqaidq"}
SESSION_ID: mkjf4btqt8qi009espcdqqaidq
SESSION_CONTENT: {"user":{"id":8,"full_name":"ibrahim syahputra","fullname":"","email":"ibraputra111@gmail.com","created_at":"2025-12-11 20:58:31"},"admin":{"id":1,"username":"admin","name":"Administrator"}}
------------------------------------------------------------
2025-12-12T01:04:39+07:00 REMOTE=::1 REQ=GET URI=/ajo/api.php?action=sales_summary&date=2025-12-12
COOKIES: {"PHPSESSID":"mkjf4btqt8qi009espcdqqaidq"}
SESSION_ID: mkjf4btqt8qi009espcdqqaidq
SESSION_CONTENT: {"user":{"id":8,"full_name":"ibrahim syahputra","fullname":"","email":"ibraputra111@gmail.com","created_at":"2025-12-11 20:58:31"},"admin":{"id":1,"username":"admin","name":"Administrator"}}
------------------------------------------------------------
2025-12-12T01:04:44+07:00 REMOTE=::1 REQ=GET URI=/ajo/api.php?action=sales_summary&date=2025-12-12
COOKIES: {"PHPSESSID":"mkjf4btqt8qi009espcdqqaidq"}
SESSION_ID: mkjf4btqt8qi009espcdqqaidq
SESSION_CONTENT: {"user":{"id":8,"full_name":"ibrahim syahputra","fullname":"","email":"ibraputra111@gmail.com","created_at":"2025-12-11 20:58:31"},"admin":{"id":1,"username":"admin","name":"Administrator"}}
------------------------------------------------------------
2025-12-12T01:04:49+07:00 REMOTE=::1 REQ=GET URI=/ajo/api.php?action=sales_summary&date=2025-12-12
COOKIES: {"PHPSESSID":"mkjf4btqt8qi009espcdqqaidq"}
SESSION_ID: mkjf4btqt8qi009espcdqqaidq
SESSION_CONTENT: {"user":{"id":8,"full_name":"ibrahim syahputra","fullname":"","email":"ibraputra111@gmail.com","created_at":"2025-12-11 20:58:31"},"admin":{"id":1,"username":"admin","name":"Administrator"}}
------------------------------------------------------------
2025-12-12T01:04:54+07:00 REMOTE=::1 REQ=GET URI=/ajo/api.php?action=sales_summary&date=2025-12-12
COOKIES: {"PHPSESSID":"mkjf4btqt8qi009espcdqqaidq"}
SESSION_ID: mkjf4btqt8qi009espcdqqaidq
SESSION_CONTENT: {"user":{"id":8,"full_name":"ibrahim syahputra","fullname":"","email":"ibraputra111@gmail.com","created_at":"2025-12-11 20:58:31"},"admin":{"id":1,"username":"admin","name":"Administrator"}}
------------------------------------------------------------
2025-12-12T01:04:59+07:00 REMOTE=::1 REQ=GET URI=/ajo/api.php?action=sales_summary&date=2025-12-12
COOKIES: {"PHPSESSID":"mkjf4btqt8qi009espcdqqaidq"}
SESSION_ID: mkjf4btqt8qi009espcdqqaidq
SESSION_CONTENT: {"user":{"id":8,"full_name":"ibrahim syahputra","fullname":"","email":"ibraputra111@gmail.com","created_at":"2025-12-11 20:58:31"},"admin":{"id":1,"username":"admin","name":"Administrator"}}
------------------------------------------------------------
2025-12-12T01:05:04+07:00 REMOTE=::1 REQ=GET URI=/ajo/api.php?action=sales_summary&date=2025-12-12
COOKIES: {"PHPSESSID":"mkjf4btqt8qi009espcdqqaidq"}
SESSION_ID: mkjf4btqt8qi009espcdqqaidq
SESSION_CONTENT: {"user":{"id":8,"full_name":"ibrahim syahputra","fullname":"","email":"ibraputra111@gmail.com","created_at":"2025-12-11 20:58:31"},"admin":{"id":1,"username":"admin","name":"Administrator"}}
------------------------------------------------------------
2025-12-12T01:05:09+07:00 REMOTE=::1 REQ=GET URI=/ajo/api.php?action=sales_summary&date=2025-12-12
COOKIES: {"PHPSESSID":"mkjf4btqt8qi009espcdqqaidq"}
SESSION_ID: mkjf4btqt8qi009espcdqqaidq
SESSION_CONTENT: {"user":{"id":8,"full_name":"ibrahim syahputra","fullname":"","email":"ibraputra111@gmail.com","created_at":"2025-12-11 20:58:31"},"admin":{"id":1,"username":"admin","name":"Administrator"}}
------------------------------------------------------------
2025-12-12T01:05:14+07:00 REMOTE=::1 REQ=GET URI=/ajo/api.php?action=sales_summary&date=2025-12-12
COOKIES: {"PHPSESSID":"mkjf4btqt8qi009espcdqqaidq"}
SESSION_ID: mkjf4btqt8qi009espcdqqaidq
SESSION_CONTENT: {"user":{"id":8,"full_name":"ibrahim syahputra","fullname":"","email":"ibraputra111@gmail.com","created_at":"2025-12-11 20:58:31"},"admin":{"id":1,"username":"admin","name":"Administrator"}}
------------------------------------------------------------
2025-12-12T01:05:19+07:00 REMOTE=::1 REQ=GET URI=/ajo/api.php?action=sales_summary&date=2025-12-12
COOKIES: {"PHPSESSID":"mkjf4btqt8qi009espcdqqaidq"}
SESSION_ID: mkjf4btqt8qi009espcdqqaidq
SESSION_CONTENT: {"user":{"id":8,"full_name":"ibrahim syahputra","fullname":"","email":"ibraputra111@gmail.com","created_at":"2025-12-11 20:58:31"},"admin":{"id":1,"username":"admin","name":"Administrator"}}
------------------------------------------------------------
2025-12-12T01:05:24+07:00 REMOTE=::1 REQ=GET URI=/ajo/api.php?action=sales_summary&date=2025-12-12
COOKIES: {"PHPSESSID":"mkjf4btqt8qi009espcdqqaidq"}
SESSION_ID: mkjf4btqt8qi009espcdqqaidq
SESSION_CONTENT: {"user":{"id":8,"full_name":"ibrahim syahputra","fullname":"","email":"ibraputra111@gmail.com","created_at":"2025-12-11 20:58:31"},"admin":{"id":1,"username":"admin","name":"Administrator"}}
------------------------------------------------------------
2025-12-12T01:05:29+07:00 REMOTE=::1 REQ=GET URI=/ajo/api.php?action=sales_summary&date=2025-12-12
COOKIES: {"PHPSESSID":"mkjf4btqt8qi009espcdqqaidq"}
SESSION_ID: mkjf4btqt8qi009espcdqqaidq
SESSION_CONTENT: {"user":{"id":8,"full_name":"ibrahim syahputra","fullname":"","email":"ibraputra111@gmail.com","created_at":"2025-12-11 20:58:31"},"admin":{"id":1,"username":"admin","name":"Administrator"}}
------------------------------------------------------------
2025-12-12T01:05:43+07:00 REMOTE=::1 REQ=GET URI=/ajo/api.php?action=sales_summary&date=2025-12-12
COOKIES: {"PHPSESSID":"mkjf4btqt8qi009espcdqqaidq"}
SESSION_ID: mkjf4btqt8qi009espcdqqaidq
SESSION_CONTENT: {"user":{"id":8,"full_name":"ibrahim syahputra","fullname":"","email":"ibraputra111@gmail.com","created_at":"2025-12-11 20:58:31"},"admin":{"id":1,"username":"admin","name":"Administrator"}}
------------------------------------------------------------
2025-12-12T01:06:43+07:00 REMOTE=::1 REQ=GET URI=/ajo/api.php?action=sales_summary&date=2025-12-12
COOKIES: {"PHPSESSID":"mkjf4btqt8qi009espcdqqaidq"}
SESSION_ID: mkjf4btqt8qi009espcdqqaidq
SESSION_CONTENT: {"user":{"id":8,"full_name":"ibrahim syahputra","fullname":"","email":"ibraputra111@gmail.com","created_at":"2025-12-11 20:58:31"},"admin":{"id":1,"username":"admin","name":"Administrator"}}
------------------------------------------------------------
2025-12-12T01:07:43+07:00 REMOTE=::1 REQ=GET URI=/ajo/api.php?action=sales_summary&date=2025-12-12
COOKIES: {"PHPSESSID":"mkjf4btqt8qi009espcdqqaidq"}
SESSION_ID: mkjf4btqt8qi009espcdqqaidq
SESSION_CONTENT: {"user":{"id":8,"full_name":"ibrahim syahputra","fullname":"","email":"ibraputra111@gmail.com","created_at":"2025-12-11 20:58:31"},"admin":{"id":1,"username":"admin","name":"Administrator"}}
------------------------------------------------------------
2025-12-12T01:08:01+07:00 REMOTE=::1 REQ=GET URI=/ajo/api.php?action=sales_summary&date=2025-12-12
COOKIES: {"PHPSESSID":"mkjf4btqt8qi009espcdqqaidq"}
SESSION_ID: mkjf4btqt8qi009espcdqqaidq
SESSION_CONTENT: {"user":{"id":8,"full_name":"ibrahim syahputra","fullname":"","email":"ibraputra111@gmail.com","created_at":"2025-12-11 20:58:31"},"admin":{"id":1,"username":"admin","name":"Administrator"}}
------------------------------------------------------------
2025-12-12T01:08:06+07:00 REMOTE=::1 REQ=GET URI=/ajo/api.php?action=sales_summary&date=2025-12-12
COOKIES: {"PHPSESSID":"mkjf4btqt8qi009espcdqqaidq"}
SESSION_ID: mkjf4btqt8qi009espcdqqaidq
SESSION_CONTENT: {"user":{"id":8,"full_name":"ibrahim syahputra","fullname":"","email":"ibraputra111@gmail.com","created_at":"2025-12-11 20:58:31"},"admin":{"id":1,"username":"admin","name":"Administrator"}}
------------------------------------------------------------
2025-12-12T01:08:12+07:00 REMOTE=::1 REQ=GET URI=/ajo/api.php?action=sales_summary&date=2025-12-12
COOKIES: {"PHPSESSID":"mkjf4btqt8qi009espcdqqaidq"}
SESSION_ID: mkjf4btqt8qi009espcdqqaidq
SESSION_CONTENT: {"user":{"id":8,"full_name":"ibrahim syahputra","fullname":"","email":"ibraputra111@gmail.com","created_at":"2025-12-11 20:58:31"},"admin":{"id":1,"username":"admin","name":"Administrator"}}
------------------------------------------------------------
2025-12-12T01:08:17+07:00 REMOTE=::1 REQ=GET URI=/ajo/api.php?action=sales_summary&date=2025-12-12
COOKIES: {"PHPSESSID":"mkjf4btqt8qi009espcdqqaidq"}
SESSION_ID: mkjf4btqt8qi009espcdqqaidq
SESSION_CONTENT: {"user":{"id":8,"full_name":"ibrahim syahputra","fullname":"","email":"ibraputra111@gmail.com","created_at":"2025-12-11 20:58:31"},"admin":{"id":1,"username":"admin","name":"Administrator"}}
------------------------------------------------------------
2025-12-12T01:08:22+07:00 REMOTE=::1 REQ=GET URI=/ajo/api.php?action=sales_summary&date=2025-12-12
COOKIES: {"PHPSESSID":"mkjf4btqt8qi009espcdqqaidq"}
SESSION_ID: mkjf4btqt8qi009espcdqqaidq
SESSION_CONTENT: {"user":{"id":8,"full_name":"ibrahim syahputra","fullname":"","email":"ibraputra111@gmail.com","created_at":"2025-12-11 20:58:31"},"admin":{"id":1,"username":"admin","name":"Administrator"}}
------------------------------------------------------------
2025-12-12T01:08:27+07:00 REMOTE=::1 REQ=GET URI=/ajo/api.php?action=sales_summary&date=2025-12-12
COOKIES: {"PHPSESSID":"mkjf4btqt8qi009espcdqqaidq"}
SESSION_ID: mkjf4btqt8qi009espcdqqaidq
SESSION_CONTENT: {"user":{"id":8,"full_name":"ibrahim syahputra","fullname":"","email":"ibraputra111@gmail.com","created_at":"2025-12-11 20:58:31"},"admin":{"id":1,"username":"admin","name":"Administrator"}}
------------------------------------------------------------
2025-12-12T01:08:32+07:00 REMOTE=::1 REQ=GET URI=/ajo/api.php?action=sales_summary&date=2025-12-12
COOKIES: {"PHPSESSID":"mkjf4btqt8qi009espcdqqaidq"}
SESSION_ID: mkjf4btqt8qi009espcdqqaidq
SESSION_CONTENT: {"user":{"id":8,"full_name":"ibrahim syahputra","fullname":"","email":"ibraputra111@gmail.com","created_at":"2025-12-11 20:58:31"},"admin":{"id":1,"username":"admin","name":"Administrator"}}
------------------------------------------------------------
2025-12-12T01:08:37+07:00 REMOTE=::1 REQ=GET URI=/ajo/api.php?action=sales_summary&date=2025-12-12
COOKIES: {"PHPSESSID":"mkjf4btqt8qi009espcdqqaidq"}
SESSION_ID: mkjf4btqt8qi009espcdqqaidq
SESSION_CONTENT: {"user":{"id":8,"full_name":"ibrahim syahputra","fullname":"","email":"ibraputra111@gmail.com","created_at":"2025-12-11 20:58:31"},"admin":{"id":1,"username":"admin","name":"Administrator"}}
------------------------------------------------------------
2025-12-12T01:08:42+07:00 REMOTE=::1 REQ=GET URI=/ajo/api.php?action=sales_summary&date=2025-12-12
COOKIES: {"PHPSESSID":"mkjf4btqt8qi009espcdqqaidq"}
SESSION_ID: mkjf4btqt8qi009espcdqqaidq
SESSION_CONTENT: {"user":{"id":8,"full_name":"ibrahim syahputra","fullname":"","email":"ibraputra111@gmail.com","created_at":"2025-12-11 20:58:31"},"admin":{"id":1,"username":"admin","name":"Administrator"}}
------------------------------------------------------------
2025-12-12T01:08:47+07:00 REMOTE=::1 REQ=GET URI=/ajo/api.php?action=sales_summary&date=2025-12-12
COOKIES: {"PHPSESSID":"mkjf4btqt8qi009espcdqqaidq"}
SESSION_ID: mkjf4btqt8qi009espcdqqaidq
SESSION_CONTENT: {"user":{"id":8,"full_name":"ibrahim syahputra","fullname":"","email":"ibraputra111@gmail.com","created_at":"2025-12-11 20:58:31"},"admin":{"id":1,"username":"admin","name":"Administrator"}}
------------------------------------------------------------
2025-12-12T01:08:52+07:00 REMOTE=::1 REQ=GET URI=/ajo/api.php?action=sales_summary&date=2025-12-12
COOKIES: {"PHPSESSID":"mkjf4btqt8qi009espcdqqaidq"}
SESSION_ID: mkjf4btqt8qi009espcdqqaidq
SESSION_CONTENT: {"user":{"id":8,"full_name":"ibrahim syahputra","fullname":"","email":"ibraputra111@gmail.com","created_at":"2025-12-11 20:58:31"},"admin":{"id":1,"username":"admin","name":"Administrator"}}
------------------------------------------------------------
2025-12-12T01:08:57+07:00 REMOTE=::1 REQ=GET URI=/ajo/api.php?action=sales_summary&date=2025-12-12
COOKIES: {"PHPSESSID":"mkjf4btqt8qi009espcdqqaidq"}
SESSION_ID: mkjf4btqt8qi009espcdqqaidq
SESSION_CONTENT: {"user":{"id":8,"full_name":"ibrahim syahputra","fullname":"","email":"ibraputra111@gmail.com","created_at":"2025-12-11 20:58:31"},"admin":{"id":1,"username":"admin","name":"Administrator"}}
------------------------------------------------------------
2025-12-12T01:09:02+07:00 REMOTE=::1 REQ=GET URI=/ajo/api.php?action=sales_summary&date=2025-12-12
COOKIES: {"PHPSESSID":"mkjf4btqt8qi009espcdqqaidq"}
SESSION_ID: mkjf4btqt8qi009espcdqqaidq
SESSION_CONTENT: {"user":{"id":8,"full_name":"ibrahim syahputra","fullname":"","email":"ibraputra111@gmail.com","created_at":"2025-12-11 20:58:31"},"admin":{"id":1,"username":"admin","name":"Administrator"}}
------------------------------------------------------------
2025-12-12T01:09:07+07:00 REMOTE=::1 REQ=GET URI=/ajo/api.php?action=sales_summary&date=2025-12-12
COOKIES: {"PHPSESSID":"mkjf4btqt8qi009espcdqqaidq"}
SESSION_ID: mkjf4btqt8qi009espcdqqaidq
SESSION_CONTENT: {"user":{"id":8,"full_name":"ibrahim syahputra","fullname":"","email":"ibraputra111@gmail.com","created_at":"2025-12-11 20:58:31"},"admin":{"id":1,"username":"admin","name":"Administrator"}}
------------------------------------------------------------
2025-12-12T01:09:43+07:00 REMOTE=::1 REQ=GET URI=/ajo/api.php?action=sales_summary&date=2025-12-12
COOKIES: {"PHPSESSID":"mkjf4btqt8qi009espcdqqaidq"}
SESSION_ID: mkjf4btqt8qi009espcdqqaidq
SESSION_CONTENT: {"user":{"id":8,"full_name":"ibrahim syahputra","fullname":"","email":"ibraputra111@gmail.com","created_at":"2025-12-11 20:58:31"},"admin":{"id":1,"username":"admin","name":"Administrator"}}
------------------------------------------------------------
2025-12-12T01:10:43+07:00 REMOTE=::1 REQ=GET URI=/ajo/api.php?action=sales_summary&date=2025-12-12
COOKIES: {"PHPSESSID":"mkjf4btqt8qi009espcdqqaidq"}
SESSION_ID: mkjf4btqt8qi009espcdqqaidq
SESSION_CONTENT: {"user":{"id":8,"full_name":"ibrahim syahputra","fullname":"","email":"ibraputra111@gmail.com","created_at":"2025-12-11 20:58:31"},"admin":{"id":1,"username":"admin","name":"Administrator"}}
------------------------------------------------------------
2025-12-12T01:11:43+07:00 REMOTE=::1 REQ=GET URI=/ajo/api.php?action=sales_summary&date=2025-12-12
COOKIES: {"PHPSESSID":"mkjf4btqt8qi009espcdqqaidq"}
SESSION_ID: mkjf4btqt8qi009espcdqqaidq
SESSION_CONTENT: {"user":{"id":8,"full_name":"ibrahim syahputra","fullname":"","email":"ibraputra111@gmail.com","created_at":"2025-12-11 20:58:31"},"admin":{"id":1,"username":"admin","name":"Administrator"}}
------------------------------------------------------------
2025-12-12T01:12:41+07:00 REMOTE=::1 REQ=GET URI=/ajo/api.php?action=sales_summary&date=2025-12-12
COOKIES: {"PHPSESSID":"mkjf4btqt8qi009espcdqqaidq"}
SESSION_ID: mkjf4btqt8qi009espcdqqaidq
SESSION_CONTENT: {"user":{"id":8,"full_name":"ibrahim syahputra","fullname":"","email":"ibraputra111@gmail.com","created_at":"2025-12-11 20:58:31"},"admin":{"id":1,"username":"admin","name":"Administrator"}}
------------------------------------------------------------
2025-12-12T01:12:41+07:00 REMOTE=::1 REQ=GET URI=/ajo/api.php?action=sales_summary&date=2025-12-12
COOKIES: {"PHPSESSID":"mkjf4btqt8qi009espcdqqaidq"}
SESSION_ID: mkjf4btqt8qi009espcdqqaidq
SESSION_CONTENT: {"user":{"id":8,"full_name":"ibrahim syahputra","fullname":"","email":"ibraputra111@gmail.com","created_at":"2025-12-11 20:58:31"},"admin":{"id":1,"username":"admin","name":"Administrator"}}
------------------------------------------------------------
2025-12-12T01:12:45+07:00 REMOTE=::1 REQ=GET URI=/ajo/api.php?action=sales_summary&date=2025-12-12
COOKIES: {"PHPSESSID":"mkjf4btqt8qi009espcdqqaidq"}
SESSION_ID: mkjf4btqt8qi009espcdqqaidq
SESSION_CONTENT: {"user":{"id":8,"full_name":"ibrahim syahputra","fullname":"","email":"ibraputra111@gmail.com","created_at":"2025-12-11 20:58:31"},"admin":{"id":1,"username":"admin","name":"Administrator"}}
------------------------------------------------------------
2025-12-12T01:12:51+07:00 REMOTE=::1 REQ=GET URI=/ajo/api.php?action=sales_summary&date=2025-12-12
COOKIES: {"PHPSESSID":"mkjf4btqt8qi009espcdqqaidq"}
SESSION_ID: mkjf4btqt8qi009espcdqqaidq
SESSION_CONTENT: {"user":{"id":8,"full_name":"ibrahim syahputra","fullname":"","email":"ibraputra111@gmail.com","created_at":"2025-12-11 20:58:31"},"admin":{"id":1,"username":"admin","name":"Administrator"}}
------------------------------------------------------------
2025-12-12T01:12:56+07:00 REMOTE=::1 REQ=GET URI=/ajo/api.php?action=sales_summary&date=2025-12-12
COOKIES: {"PHPSESSID":"mkjf4btqt8qi009espcdqqaidq"}
SESSION_ID: mkjf4btqt8qi009espcdqqaidq
SESSION_CONTENT: {"user":{"id":8,"full_name":"ibrahim syahputra","fullname":"","email":"ibraputra111@gmail.com","created_at":"2025-12-11 20:58:31"},"admin":{"id":1,"username":"admin","name":"Administrator"}}
------------------------------------------------------------
2025-12-12T01:13:01+07:00 REMOTE=::1 REQ=GET URI=/ajo/api.php?action=sales_summary&date=2025-12-12
COOKIES: {"PHPSESSID":"mkjf4btqt8qi009espcdqqaidq"}
SESSION_ID: mkjf4btqt8qi009espcdqqaidq
SESSION_CONTENT: {"user":{"id":8,"full_name":"ibrahim syahputra","fullname":"","email":"ibraputra111@gmail.com","created_at":"2025-12-11 20:58:31"},"admin":{"id":1,"username":"admin","name":"Administrator"}}
------------------------------------------------------------
2025-12-12T01:13:06+07:00 REMOTE=::1 REQ=GET URI=/ajo/api.php?action=sales_summary&date=2025-12-12
COOKIES: {"PHPSESSID":"mkjf4btqt8qi009espcdqqaidq"}
SESSION_ID: mkjf4btqt8qi009espcdqqaidq
SESSION_CONTENT: {"user":{"id":8,"full_name":"ibrahim syahputra","fullname":"","email":"ibraputra111@gmail.com","created_at":"2025-12-11 20:58:31"},"admin":{"id":1,"username":"admin","name":"Administrator"}}
------------------------------------------------------------
2025-12-12T01:13:11+07:00 REMOTE=::1 REQ=GET URI=/ajo/api.php?action=sales_summary&date=2025-12-12
COOKIES: {"PHPSESSID":"mkjf4btqt8qi009espcdqqaidq"}
SESSION_ID: mkjf4btqt8qi009espcdqqaidq
SESSION_CONTENT: {"user":{"id":8,"full_name":"ibrahim syahputra","fullname":"","email":"ibraputra111@gmail.com","created_at":"2025-12-11 20:58:31"},"admin":{"id":1,"username":"admin","name":"Administrator"}}
------------------------------------------------------------
2025-12-12T01:13:16+07:00 REMOTE=::1 REQ=GET URI=/ajo/api.php?action=sales_summary&date=2025-12-12
COOKIES: {"PHPSESSID":"mkjf4btqt8qi009espcdqqaidq"}
SESSION_ID: mkjf4btqt8qi009espcdqqaidq
SESSION_CONTENT: {"user":{"id":8,"full_name":"ibrahim syahputra","fullname":"","email":"ibraputra111@gmail.com","created_at":"2025-12-11 20:58:31"},"admin":{"id":1,"username":"admin","name":"Administrator"}}
------------------------------------------------------------
2025-12-12T01:13:21+07:00 REMOTE=::1 REQ=GET URI=/ajo/api.php?action=sales_summary&date=2025-12-12
COOKIES: {"PHPSESSID":"mkjf4btqt8qi009espcdqqaidq"}
SESSION_ID: mkjf4btqt8qi009espcdqqaidq
SESSION_CONTENT: {"user":{"id":8,"full_name":"ibrahim syahputra","fullname":"","email":"ibraputra111@gmail.com","created_at":"2025-12-11 20:58:31"},"admin":{"id":1,"username":"admin","name":"Administrator"}}
------------------------------------------------------------
2025-12-12T01:13:26+07:00 REMOTE=::1 REQ=GET URI=/ajo/api.php?action=sales_summary&date=2025-12-12
COOKIES: {"PHPSESSID":"mkjf4btqt8qi009espcdqqaidq"}
SESSION_ID: mkjf4btqt8qi009espcdqqaidq
SESSION_CONTENT: {"user":{"id":8,"full_name":"ibrahim syahputra","fullname":"","email":"ibraputra111@gmail.com","created_at":"2025-12-11 20:58:31"},"admin":{"id":1,"username":"admin","name":"Administrator"}}
------------------------------------------------------------
2025-12-12T01:13:31+07:00 REMOTE=::1 REQ=GET URI=/ajo/api.php?action=sales_summary&date=2025-12-12
COOKIES: {"PHPSESSID":"mkjf4btqt8qi009espcdqqaidq"}
SESSION_ID: mkjf4btqt8qi009espcdqqaidq
SESSION_CONTENT: {"user":{"id":8,"full_name":"ibrahim syahputra","fullname":"","email":"ibraputra111@gmail.com","created_at":"2025-12-11 20:58:31"},"admin":{"id":1,"username":"admin","name":"Administrator"}}
------------------------------------------------------------
2025-12-12T01:13:36+07:00 REMOTE=::1 REQ=GET URI=/ajo/api.php?action=sales_summary&date=2025-12-12
COOKIES: {"PHPSESSID":"mkjf4btqt8qi009espcdqqaidq"}
SESSION_ID: mkjf4btqt8qi009espcdqqaidq
SESSION_CONTENT: {"user":{"id":8,"full_name":"ibrahim syahputra","fullname":"","email":"ibraputra111@gmail.com","created_at":"2025-12-11 20:58:31"},"admin":{"id":1,"username":"admin","name":"Administrator"}}
------------------------------------------------------------
2025-12-12T01:13:41+07:00 REMOTE=::1 REQ=GET URI=/ajo/api.php?action=sales_summary&date=2025-12-12
COOKIES: {"PHPSESSID":"mkjf4btqt8qi009espcdqqaidq"}
SESSION_ID: mkjf4btqt8qi009espcdqqaidq
SESSION_CONTENT: {"user":{"id":8,"full_name":"ibrahim syahputra","fullname":"","email":"ibraputra111@gmail.com","created_at":"2025-12-11 20:58:31"},"admin":{"id":1,"username":"admin","name":"Administrator"}}
------------------------------------------------------------
2025-12-12T01:13:46+07:00 REMOTE=::1 REQ=GET URI=/ajo/api.php?action=sales_summary&date=2025-12-12
COOKIES: {"PHPSESSID":"mkjf4btqt8qi009espcdqqaidq"}
SESSION_ID: mkjf4btqt8qi009espcdqqaidq
SESSION_CONTENT: {"user":{"id":8,"full_name":"ibrahim syahputra","fullname":"","email":"ibraputra111@gmail.com","created_at":"2025-12-11 20:58:31"},"admin":{"id":1,"username":"admin","name":"Administrator"}}
------------------------------------------------------------
2025-12-12T01:13:51+07:00 REMOTE=::1 REQ=GET URI=/ajo/api.php?action=sales_summary&date=2025-12-12
COOKIES: {"PHPSESSID":"mkjf4btqt8qi009espcdqqaidq"}
SESSION_ID: mkjf4btqt8qi009espcdqqaidq
SESSION_CONTENT: {"user":{"id":8,"full_name":"ibrahim syahputra","fullname":"","email":"ibraputra111@gmail.com","created_at":"2025-12-11 20:58:31"},"admin":{"id":1,"username":"admin","name":"Administrator"}}
------------------------------------------------------------
2025-12-12T01:13:56+07:00 REMOTE=::1 REQ=GET URI=/ajo/api.php?action=sales_summary&date=2025-12-12
COOKIES: {"PHPSESSID":"mkjf4btqt8qi009espcdqqaidq"}
SESSION_ID: mkjf4btqt8qi009espcdqqaidq
SESSION_CONTENT: {"user":{"id":8,"full_name":"ibrahim syahputra","fullname":"","email":"ibraputra111@gmail.com","created_at":"2025-12-11 20:58:31"},"admin":{"id":1,"username":"admin","name":"Administrator"}}
------------------------------------------------------------
2025-12-12T01:14:01+07:00 REMOTE=::1 REQ=GET URI=/ajo/api.php?action=sales_summary&date=2025-12-12
COOKIES: {"PHPSESSID":"mkjf4btqt8qi009espcdqqaidq"}
SESSION_ID: mkjf4btqt8qi009espcdqqaidq
SESSION_CONTENT: {"user":{"id":8,"full_name":"ibrahim syahputra","fullname":"","email":"ibraputra111@gmail.com","created_at":"2025-12-11 20:58:31"},"admin":{"id":1,"username":"admin","name":"Administrator"}}
------------------------------------------------------------
2025-12-12T01:14:05+07:00 REMOTE=::1 REQ=GET URI=/ajo/api.php?action=sales_summary&date=2025-12-12
COOKIES: {"PHPSESSID":"mkjf4btqt8qi009espcdqqaidq"}
SESSION_ID: mkjf4btqt8qi009espcdqqaidq
SESSION_CONTENT: {"user":{"id":8,"full_name":"ibrahim syahputra","fullname":"","email":"ibraputra111@gmail.com","created_at":"2025-12-11 20:58:31"},"admin":{"id":1,"username":"admin","name":"Administrator"}}
------------------------------------------------------------
2025-12-12T01:14:08+07:00 REMOTE=::1 REQ=GET URI=/ajo/api.php?action=sales_summary&date=2025-12-12
COOKIES: {"PHPSESSID":"mkjf4btqt8qi009espcdqqaidq"}
SESSION_ID: mkjf4btqt8qi009espcdqqaidq
SESSION_CONTENT: {"user":{"id":8,"full_name":"ibrahim syahputra","fullname":"","email":"ibraputra111@gmail.com","created_at":"2025-12-11 20:58:31"},"admin":{"id":1,"username":"admin","name":"Administrator"}}
------------------------------------------------------------
2025-12-12T01:14:12+07:00 REMOTE=::1 REQ=GET URI=/ajo/api.php?action=sales_summary&date=2025-12-12
COOKIES: {"PHPSESSID":"mkjf4btqt8qi009espcdqqaidq"}
SESSION_ID: mkjf4btqt8qi009espcdqqaidq
SESSION_CONTENT: {"user":{"id":8,"full_name":"ibrahim syahputra","fullname":"","email":"ibraputra111@gmail.com","created_at":"2025-12-11 20:58:31"},"admin":{"id":1,"username":"admin","name":"Administrator"}}
------------------------------------------------------------
2025-12-12T01:14:17+07:00 REMOTE=::1 REQ=GET URI=/ajo/api.php?action=sales_summary&date=2025-12-12
COOKIES: {"PHPSESSID":"mkjf4btqt8qi009espcdqqaidq"}
SESSION_ID: mkjf4btqt8qi009espcdqqaidq
SESSION_CONTENT: {"user":{"id":8,"full_name":"ibrahim syahputra","fullname":"","email":"ibraputra111@gmail.com","created_at":"2025-12-11 20:58:31"},"admin":{"id":1,"username":"admin","name":"Administrator"}}
------------------------------------------------------------
2025-12-12T01:14:22+07:00 REMOTE=::1 REQ=GET URI=/ajo/api.php?action=sales_summary&date=2025-12-12
COOKIES: {"PHPSESSID":"mkjf4btqt8qi009espcdqqaidq"}
SESSION_ID: mkjf4btqt8qi009espcdqqaidq
SESSION_CONTENT: {"user":{"id":8,"full_name":"ibrahim syahputra","fullname":"","email":"ibraputra111@gmail.com","created_at":"2025-12-11 20:58:31"},"admin":{"id":1,"username":"admin","name":"Administrator"}}
------------------------------------------------------------
2025-12-12T01:14:27+07:00 REMOTE=::1 REQ=GET URI=/ajo/api.php?action=sales_summary&date=2025-12-12
COOKIES: {"PHPSESSID":"mkjf4btqt8qi009espcdqqaidq"}
SESSION_ID: mkjf4btqt8qi009espcdqqaidq
SESSION_CONTENT: {"user":{"id":8,"full_name":"ibrahim syahputra","fullname":"","email":"ibraputra111@gmail.com","created_at":"2025-12-11 20:58:31"},"admin":{"id":1,"username":"admin","name":"Administrator"}}
------------------------------------------------------------
2025-12-12T01:14:32+07:00 REMOTE=::1 REQ=GET URI=/ajo/api.php?action=sales_summary&date=2025-12-12
COOKIES: {"PHPSESSID":"mkjf4btqt8qi009espcdqqaidq"}
SESSION_ID: mkjf4btqt8qi009espcdqqaidq
SESSION_CONTENT: {"user":{"id":8,"full_name":"ibrahim syahputra","fullname":"","email":"ibraputra111@gmail.com","created_at":"2025-12-11 20:58:31"},"admin":{"id":1,"username":"admin","name":"Administrator"}}
------------------------------------------------------------
2025-12-12T01:14:37+07:00 REMOTE=::1 REQ=GET URI=/ajo/api.php?action=sales_summary&date=2025-12-12
COOKIES: {"PHPSESSID":"mkjf4btqt8qi009espcdqqaidq"}
SESSION_ID: mkjf4btqt8qi009espcdqqaidq
SESSION_CONTENT: {"user":{"id":8,"full_name":"ibrahim syahputra","fullname":"","email":"ibraputra111@gmail.com","created_at":"2025-12-11 20:58:31"},"admin":{"id":1,"username":"admin","name":"Administrator"}}
------------------------------------------------------------
2025-12-12T01:14:42+07:00 REMOTE=::1 REQ=GET URI=/ajo/api.php?action=sales_summary&date=2025-12-12
COOKIES: {"PHPSESSID":"mkjf4btqt8qi009espcdqqaidq"}
SESSION_ID: mkjf4btqt8qi009espcdqqaidq
SESSION_CONTENT: {"user":{"id":8,"full_name":"ibrahim syahputra","fullname":"","email":"ibraputra111@gmail.com","created_at":"2025-12-11 20:58:31"},"admin":{"id":1,"username":"admin","name":"Administrator"}}
------------------------------------------------------------
2025-12-12T01:14:48+07:00 REMOTE=::1 REQ=GET URI=/ajo/api.php?action=sales_summary&date=2025-12-12
COOKIES: {"PHPSESSID":"mkjf4btqt8qi009espcdqqaidq"}
SESSION_ID: mkjf4btqt8qi009espcdqqaidq
SESSION_CONTENT: {"user":{"id":8,"full_name":"ibrahim syahputra","fullname":"","email":"ibraputra111@gmail.com","created_at":"2025-12-11 20:58:31"},"admin":{"id":1,"username":"admin","name":"Administrator"}}
------------------------------------------------------------
2025-12-12T01:14:53+07:00 REMOTE=::1 REQ=GET URI=/ajo/api.php?action=sales_summary&date=2025-12-12
COOKIES: {"PHPSESSID":"mkjf4btqt8qi009espcdqqaidq"}
SESSION_ID: mkjf4btqt8qi009espcdqqaidq
SESSION_CONTENT: {"user":{"id":8,"full_name":"ibrahim syahputra","fullname":"","email":"ibraputra111@gmail.com","created_at":"2025-12-11 20:58:31"},"admin":{"id":1,"username":"admin","name":"Administrator"}}
------------------------------------------------------------
2025-12-12T01:14:58+07:00 REMOTE=::1 REQ=GET URI=/ajo/api.php?action=sales_summary&date=2025-12-12
COOKIES: {"PHPSESSID":"mkjf4btqt8qi009espcdqqaidq"}
SESSION_ID: mkjf4btqt8qi009espcdqqaidq
SESSION_CONTENT: {"user":{"id":8,"full_name":"ibrahim syahputra","fullname":"","email":"ibraputra111@gmail.com","created_at":"2025-12-11 20:58:31"},"admin":{"id":1,"username":"admin","name":"Administrator"}}
------------------------------------------------------------
2025-12-12T01:15:03+07:00 REMOTE=::1 REQ=GET URI=/ajo/api.php?action=sales_summary&date=2025-12-12
COOKIES: {"PHPSESSID":"mkjf4btqt8qi009espcdqqaidq"}
SESSION_ID: mkjf4btqt8qi009espcdqqaidq
SESSION_CONTENT: {"user":{"id":8,"full_name":"ibrahim syahputra","fullname":"","email":"ibraputra111@gmail.com","created_at":"2025-12-11 20:58:31"},"admin":{"id":1,"username":"admin","name":"Administrator"}}
------------------------------------------------------------
2025-12-12T01:15:08+07:00 REMOTE=::1 REQ=GET URI=/ajo/api.php?action=sales_summary&date=2025-12-12
COOKIES: {"PHPSESSID":"mkjf4btqt8qi009espcdqqaidq"}
SESSION_ID: mkjf4btqt8qi009espcdqqaidq
SESSION_CONTENT: {"user":{"id":8,"full_name":"ibrahim syahputra","fullname":"","email":"ibraputra111@gmail.com","created_at":"2025-12-11 20:58:31"},"admin":{"id":1,"username":"admin","name":"Administrator"}}
------------------------------------------------------------
2025-12-12T01:15:13+07:00 REMOTE=::1 REQ=GET URI=/ajo/api.php?action=sales_summary&date=2025-12-12
COOKIES: {"PHPSESSID":"mkjf4btqt8qi009espcdqqaidq"}
SESSION_ID: mkjf4btqt8qi009espcdqqaidq
SESSION_CONTENT: {"user":{"id":8,"full_name":"ibrahim syahputra","fullname":"","email":"ibraputra111@gmail.com","created_at":"2025-12-11 20:58:31"},"admin":{"id":1,"username":"admin","name":"Administrator"}}
------------------------------------------------------------
2025-12-12T01:15:18+07:00 REMOTE=::1 REQ=GET URI=/ajo/api.php?action=sales_summary&date=2025-12-12
COOKIES: {"PHPSESSID":"mkjf4btqt8qi009espcdqqaidq"}
SESSION_ID: mkjf4btqt8qi009espcdqqaidq
SESSION_CONTENT: {"user":{"id":8,"full_name":"ibrahim syahputra","fullname":"","email":"ibraputra111@gmail.com","created_at":"2025-12-11 20:58:31"},"admin":{"id":1,"username":"admin","name":"Administrator"}}
------------------------------------------------------------
2025-12-12T01:15:23+07:00 REMOTE=::1 REQ=GET URI=/ajo/api.php?action=sales_summary&date=2025-12-12
COOKIES: {"PHPSESSID":"mkjf4btqt8qi009espcdqqaidq"}
SESSION_ID: mkjf4btqt8qi009espcdqqaidq
SESSION_CONTENT: {"user":{"id":8,"full_name":"ibrahim syahputra","fullname":"","email":"ibraputra111@gmail.com","created_at":"2025-12-11 20:58:31"},"admin":{"id":1,"username":"admin","name":"Administrator"}}
------------------------------------------------------------
2025-12-12T01:15:28+07:00 REMOTE=::1 REQ=GET URI=/ajo/api.php?action=sales_summary&date=2025-12-12
COOKIES: {"PHPSESSID":"mkjf4btqt8qi009espcdqqaidq"}
SESSION_ID: mkjf4btqt8qi009espcdqqaidq
SESSION_CONTENT: {"user":{"id":8,"full_name":"ibrahim syahputra","fullname":"","email":"ibraputra111@gmail.com","created_at":"2025-12-11 20:58:31"},"admin":{"id":1,"username":"admin","name":"Administrator"}}
------------------------------------------------------------
2025-12-12T01:15:33+07:00 REMOTE=::1 REQ=GET URI=/ajo/api.php?action=sales_summary&date=2025-12-12
COOKIES: {"PHPSESSID":"mkjf4btqt8qi009espcdqqaidq"}
SESSION_ID: mkjf4btqt8qi009espcdqqaidq
SESSION_CONTENT: {"user":{"id":8,"full_name":"ibrahim syahputra","fullname":"","email":"ibraputra111@gmail.com","created_at":"2025-12-11 20:58:31"},"admin":{"id":1,"username":"admin","name":"Administrator"}}
------------------------------------------------------------
2025-12-12T01:15:38+07:00 REMOTE=::1 REQ=GET URI=/ajo/api.php?action=sales_summary&date=2025-12-12
COOKIES: {"PHPSESSID":"mkjf4btqt8qi009espcdqqaidq"}
SESSION_ID: mkjf4btqt8qi009espcdqqaidq
SESSION_CONTENT: {"user":{"id":8,"full_name":"ibrahim syahputra","fullname":"","email":"ibraputra111@gmail.com","created_at":"2025-12-11 20:58:31"},"admin":{"id":1,"username":"admin","name":"Administrator"}}
------------------------------------------------------------
2025-12-12T01:15:43+07:00 REMOTE=::1 REQ=GET URI=/ajo/api.php?action=sales_summary&date=2025-12-12
COOKIES: {"PHPSESSID":"mkjf4btqt8qi009espcdqqaidq"}
SESSION_ID: mkjf4btqt8qi009espcdqqaidq
SESSION_CONTENT: {"user":{"id":8,"full_name":"ibrahim syahputra","fullname":"","email":"ibraputra111@gmail.com","created_at":"2025-12-11 20:58:31"},"admin":{"id":1,"username":"admin","name":"Administrator"}}
------------------------------------------------------------
2025-12-12T01:16:35+07:00 REMOTE=::1 REQ=GET URI=/ajo/api.php?action=sales_summary&date=2025-12-12
COOKIES: {"PHPSESSID":"mkjf4btqt8qi009espcdqqaidq"}
SESSION_ID: mkjf4btqt8qi009espcdqqaidq
SESSION_CONTENT: {"user":{"id":8,"full_name":"ibrahim syahputra","fullname":"","email":"ibraputra111@gmail.com","created_at":"2025-12-11 20:58:31"},"admin":{"id":1,"username":"admin","name":"Administrator"}}
------------------------------------------------------------
2025-12-12T01:16:37+07:00 REMOTE=::1 REQ=GET URI=/ajo/api.php?action=sales_summary&date=2025-12-12
COOKIES: {"PHPSESSID":"mkjf4btqt8qi009espcdqqaidq"}
SESSION_ID: mkjf4btqt8qi009espcdqqaidq
SESSION_CONTENT: {"user":{"id":8,"full_name":"ibrahim syahputra","fullname":"","email":"ibraputra111@gmail.com","created_at":"2025-12-11 20:58:31"},"admin":{"id":1,"username":"admin","name":"Administrator"}}
------------------------------------------------------------
2025-12-12T01:16:43+07:00 REMOTE=::1 REQ=GET URI=/ajo/api.php?action=sales_summary&date=2025-12-12
COOKIES: {"PHPSESSID":"mkjf4btqt8qi009espcdqqaidq"}
SESSION_ID: mkjf4btqt8qi009espcdqqaidq
SESSION_CONTENT: {"user":{"id":8,"full_name":"ibrahim syahputra","fullname":"","email":"ibraputra111@gmail.com","created_at":"2025-12-11 20:58:31"},"admin":{"id":1,"username":"admin","name":"Administrator"}}
------------------------------------------------------------
2025-12-12T01:16:48+07:00 REMOTE=::1 REQ=GET URI=/ajo/api.php?action=sales_summary&date=2025-12-12
COOKIES: {"PHPSESSID":"mkjf4btqt8qi009espcdqqaidq"}
SESSION_ID: mkjf4btqt8qi009espcdqqaidq
SESSION_CONTENT: {"user":{"id":8,"full_name":"ibrahim syahputra","fullname":"","email":"ibraputra111@gmail.com","created_at":"2025-12-11 20:58:31"},"admin":{"id":1,"username":"admin","name":"Administrator"}}
------------------------------------------------------------
2025-12-12T01:16:53+07:00 REMOTE=::1 REQ=GET URI=/ajo/api.php?action=sales_summary&date=2025-12-12
COOKIES: {"PHPSESSID":"mkjf4btqt8qi009espcdqqaidq"}
SESSION_ID: mkjf4btqt8qi009espcdqqaidq
SESSION_CONTENT: {"user":{"id":8,"full_name":"ibrahim syahputra","fullname":"","email":"ibraputra111@gmail.com","created_at":"2025-12-11 20:58:31"},"admin":{"id":1,"username":"admin","name":"Administrator"}}
------------------------------------------------------------
2025-12-12T01:16:58+07:00 REMOTE=::1 REQ=GET URI=/ajo/api.php?action=sales_summary&date=2025-12-12
COOKIES: {"PHPSESSID":"mkjf4btqt8qi009espcdqqaidq"}
SESSION_ID: mkjf4btqt8qi009espcdqqaidq
SESSION_CONTENT: {"user":{"id":8,"full_name":"ibrahim syahputra","fullname":"","email":"ibraputra111@gmail.com","created_at":"2025-12-11 20:58:31"},"admin":{"id":1,"username":"admin","name":"Administrator"}}
------------------------------------------------------------
2025-12-12T01:17:00+07:00 REMOTE=::1 REQ=GET URI=/ajo/api.php?action=sales_summary&date=2025-12-12
COOKIES: {"PHPSESSID":"mkjf4btqt8qi009espcdqqaidq"}
SESSION_ID: mkjf4btqt8qi009espcdqqaidq
SESSION_CONTENT: {"user":{"id":8,"full_name":"ibrahim syahputra","fullname":"","email":"ibraputra111@gmail.com","created_at":"2025-12-11 20:58:31"},"admin":{"id":1,"username":"admin","name":"Administrator"}}
------------------------------------------------------------
2025-12-12T01:17:02+07:00 REMOTE=::1 REQ=GET URI=/ajo/api.php?action=sales_summary&date=2025-12-12
COOKIES: {"PHPSESSID":"mkjf4btqt8qi009espcdqqaidq"}
SESSION_ID: mkjf4btqt8qi009espcdqqaidq
SESSION_CONTENT: {"user":{"id":8,"full_name":"ibrahim syahputra","fullname":"","email":"ibraputra111@gmail.com","created_at":"2025-12-11 20:58:31"},"admin":{"id":1,"username":"admin","name":"Administrator"}}
------------------------------------------------------------
2025-12-12T01:17:08+07:00 REMOTE=::1 REQ=GET URI=/ajo/api.php?action=sales_summary&date=2025-12-12
COOKIES: {"PHPSESSID":"mkjf4btqt8qi009espcdqqaidq"}
SESSION_ID: mkjf4btqt8qi009espcdqqaidq
SESSION_CONTENT: {"user":{"id":8,"full_name":"ibrahim syahputra","fullname":"","email":"ibraputra111@gmail.com","created_at":"2025-12-11 20:58:31"},"admin":{"id":1,"username":"admin","name":"Administrator"}}
------------------------------------------------------------
2025-12-12T01:17:13+07:00 REMOTE=::1 REQ=GET URI=/ajo/api.php?action=sales_summary&date=2025-12-12
COOKIES: {"PHPSESSID":"mkjf4btqt8qi009espcdqqaidq"}
SESSION_ID: mkjf4btqt8qi009espcdqqaidq
SESSION_CONTENT: {"user":{"id":8,"full_name":"ibrahim syahputra","fullname":"","email":"ibraputra111@gmail.com","created_at":"2025-12-11 20:58:31"},"admin":{"id":1,"username":"admin","name":"Administrator"}}
------------------------------------------------------------
2025-12-12T01:17:18+07:00 REMOTE=::1 REQ=GET URI=/ajo/api.php?action=sales_summary&date=2025-12-12
COOKIES: {"PHPSESSID":"mkjf4btqt8qi009espcdqqaidq"}
SESSION_ID: mkjf4btqt8qi009espcdqqaidq
SESSION_CONTENT: {"user":{"id":8,"full_name":"ibrahim syahputra","fullname":"","email":"ibraputra111@gmail.com","created_at":"2025-12-11 20:58:31"},"admin":{"id":1,"username":"admin","name":"Administrator"}}
------------------------------------------------------------
2025-12-12T01:17:23+07:00 REMOTE=::1 REQ=GET URI=/ajo/api.php?action=sales_summary&date=2025-12-12
COOKIES: {"PHPSESSID":"mkjf4btqt8qi009espcdqqaidq"}
SESSION_ID: mkjf4btqt8qi009espcdqqaidq
SESSION_CONTENT: {"user":{"id":8,"full_name":"ibrahim syahputra","fullname":"","email":"ibraputra111@gmail.com","created_at":"2025-12-11 20:58:31"},"admin":{"id":1,"username":"admin","name":"Administrator"}}
------------------------------------------------------------
2025-12-12T01:17:28+07:00 REMOTE=::1 REQ=GET URI=/ajo/api.php?action=sales_summary&date=2025-12-12
COOKIES: {"PHPSESSID":"mkjf4btqt8qi009espcdqqaidq"}
SESSION_ID: mkjf4btqt8qi009espcdqqaidq
SESSION_CONTENT: {"user":{"id":8,"full_name":"ibrahim syahputra","fullname":"","email":"ibraputra111@gmail.com","created_at":"2025-12-11 20:58:31"},"admin":{"id":1,"username":"admin","name":"Administrator"}}
------------------------------------------------------------
2025-12-12T01:17:33+07:00 REMOTE=::1 REQ=GET URI=/ajo/api.php?action=sales_summary&date=2025-12-12
COOKIES: {"PHPSESSID":"mkjf4btqt8qi009espcdqqaidq"}
SESSION_ID: mkjf4btqt8qi009espcdqqaidq
SESSION_CONTENT: {"user":{"id":8,"full_name":"ibrahim syahputra","fullname":"","email":"ibraputra111@gmail.com","created_at":"2025-12-11 20:58:31"},"admin":{"id":1,"username":"admin","name":"Administrator"}}
------------------------------------------------------------
2025-12-12T01:17:38+07:00 REMOTE=::1 REQ=GET URI=/ajo/api.php?action=sales_summary&date=2025-12-12
COOKIES: {"PHPSESSID":"mkjf4btqt8qi009espcdqqaidq"}
SESSION_ID: mkjf4btqt8qi009espcdqqaidq
SESSION_CONTENT: {"user":{"id":8,"full_name":"ibrahim syahputra","fullname":"","email":"ibraputra111@gmail.com","created_at":"2025-12-11 20:58:31"},"admin":{"id":1,"username":"admin","name":"Administrator"}}
------------------------------------------------------------
2025-12-12T01:17:43+07:00 REMOTE=::1 REQ=GET URI=/ajo/api.php?action=sales_summary&date=2025-12-12
COOKIES: {"PHPSESSID":"mkjf4btqt8qi009espcdqqaidq"}
SESSION_ID: mkjf4btqt8qi009espcdqqaidq
SESSION_CONTENT: {"user":{"id":8,"full_name":"ibrahim syahputra","fullname":"","email":"ibraputra111@gmail.com","created_at":"2025-12-11 20:58:31"},"admin":{"id":1,"username":"admin","name":"Administrator"}}
------------------------------------------------------------
2025-12-12T01:17:48+07:00 REMOTE=::1 REQ=GET URI=/ajo/api.php?action=sales_summary&date=2025-12-12
COOKIES: {"PHPSESSID":"mkjf4btqt8qi009espcdqqaidq"}
SESSION_ID: mkjf4btqt8qi009espcdqqaidq
SESSION_CONTENT: {"user":{"id":8,"full_name":"ibrahim syahputra","fullname":"","email":"ibraputra111@gmail.com","created_at":"2025-12-11 20:58:31"},"admin":{"id":1,"username":"admin","name":"Administrator"}}
------------------------------------------------------------
2025-12-12T01:17:53+07:00 REMOTE=::1 REQ=GET URI=/ajo/api.php?action=sales_summary&date=2025-12-12
COOKIES: {"PHPSESSID":"mkjf4btqt8qi009espcdqqaidq"}
SESSION_ID: mkjf4btqt8qi009espcdqqaidq
SESSION_CONTENT: {"user":{"id":8,"full_name":"ibrahim syahputra","fullname":"","email":"ibraputra111@gmail.com","created_at":"2025-12-11 20:58:31"},"admin":{"id":1,"username":"admin","name":"Administrator"}}
------------------------------------------------------------
2025-12-12T01:17:58+07:00 REMOTE=::1 REQ=GET URI=/ajo/api.php?action=sales_summary&date=2025-12-12
COOKIES: {"PHPSESSID":"mkjf4btqt8qi009espcdqqaidq"}
SESSION_ID: mkjf4btqt8qi009espcdqqaidq
SESSION_CONTENT: {"user":{"id":8,"full_name":"ibrahim syahputra","fullname":"","email":"ibraputra111@gmail.com","created_at":"2025-12-11 20:58:31"},"admin":{"id":1,"username":"admin","name":"Administrator"}}
------------------------------------------------------------
2025-12-12T01:18:03+07:00 REMOTE=::1 REQ=GET URI=/ajo/api.php?action=sales_summary&date=2025-12-12
COOKIES: {"PHPSESSID":"mkjf4btqt8qi009espcdqqaidq"}
SESSION_ID: mkjf4btqt8qi009espcdqqaidq
SESSION_CONTENT: {"user":{"id":8,"full_name":"ibrahim syahputra","fullname":"","email":"ibraputra111@gmail.com","created_at":"2025-12-11 20:58:31"},"admin":{"id":1,"username":"admin","name":"Administrator"}}
------------------------------------------------------------
2025-12-12T01:18:43+07:00 REMOTE=::1 REQ=GET URI=/ajo/api.php?action=sales_summary&date=2025-12-12
COOKIES: {"PHPSESSID":"mkjf4btqt8qi009espcdqqaidq"}
SESSION_ID: mkjf4btqt8qi009espcdqqaidq
SESSION_CONTENT: {"user":{"id":8,"full_name":"ibrahim syahputra","fullname":"","email":"ibraputra111@gmail.com","created_at":"2025-12-11 20:58:31"},"admin":{"id":1,"username":"admin","name":"Administrator"}}
------------------------------------------------------------
2025-12-12T01:19:43+07:00 REMOTE=::1 REQ=GET URI=/ajo/api.php?action=sales_summary&date=2025-12-12
COOKIES: {"PHPSESSID":"mkjf4btqt8qi009espcdqqaidq"}
SESSION_ID: mkjf4btqt8qi009espcdqqaidq
SESSION_CONTENT: {"user":{"id":8,"full_name":"ibrahim syahputra","fullname":"","email":"ibraputra111@gmail.com","created_at":"2025-12-11 20:58:31"},"admin":{"id":1,"username":"admin","name":"Administrator"}}
------------------------------------------------------------
2025-12-12T01:20:43+07:00 REMOTE=::1 REQ=GET URI=/ajo/api.php?action=sales_summary&date=2025-12-12
COOKIES: {"PHPSESSID":"mkjf4btqt8qi009espcdqqaidq"}
SESSION_ID: mkjf4btqt8qi009espcdqqaidq
SESSION_CONTENT: {"user":{"id":8,"full_name":"ibrahim syahputra","fullname":"","email":"ibraputra111@gmail.com","created_at":"2025-12-11 20:58:31"},"admin":{"id":1,"username":"admin","name":"Administrator"}}
------------------------------------------------------------
2025-12-12T01:21:26+07:00 REMOTE=::1 REQ=GET URI=/ajo/api.php?action=sales_summary&date=2025-12-12
COOKIES: {"PHPSESSID":"mkjf4btqt8qi009espcdqqaidq"}
SESSION_ID: mkjf4btqt8qi009espcdqqaidq
SESSION_CONTENT: {"user":{"id":8,"full_name":"ibrahim syahputra","fullname":"","email":"ibraputra111@gmail.com","created_at":"2025-12-11 20:58:31"},"admin":{"id":1,"username":"admin","name":"Administrator"}}
------------------------------------------------------------
2025-12-12T01:21:27+07:00 REMOTE=::1 REQ=GET URI=/ajo/api.php?action=sales_summary&date=2025-12-12
COOKIES: {"PHPSESSID":"mkjf4btqt8qi009espcdqqaidq"}
SESSION_ID: mkjf4btqt8qi009espcdqqaidq
SESSION_CONTENT: {"user":{"id":8,"full_name":"ibrahim syahputra","fullname":"","email":"ibraputra111@gmail.com","created_at":"2025-12-11 20:58:31"},"admin":{"id":1,"username":"admin","name":"Administrator"}}
------------------------------------------------------------
2025-12-12T01:21:30+07:00 REMOTE=::1 REQ=GET URI=/ajo/api.php?action=sales_summary&date=2025-12-12
COOKIES: {"PHPSESSID":"mkjf4btqt8qi009espcdqqaidq"}
SESSION_ID: mkjf4btqt8qi009espcdqqaidq
SESSION_CONTENT: {"user":{"id":8,"full_name":"ibrahim syahputra","fullname":"","email":"ibraputra111@gmail.com","created_at":"2025-12-11 20:58:31"},"admin":{"id":1,"username":"admin","name":"Administrator"}}
------------------------------------------------------------
2025-12-12T01:21:35+07:00 REMOTE=::1 REQ=GET URI=/ajo/api.php?action=sales_summary&date=2025-12-12
COOKIES: {"PHPSESSID":"mkjf4btqt8qi009espcdqqaidq"}
SESSION_ID: mkjf4btqt8qi009espcdqqaidq
SESSION_CONTENT: {"user":{"id":8,"full_name":"ibrahim syahputra","fullname":"","email":"ibraputra111@gmail.com","created_at":"2025-12-11 20:58:31"},"admin":{"id":1,"username":"admin","name":"Administrator"}}
------------------------------------------------------------
2025-12-12T01:21:40+07:00 REMOTE=::1 REQ=GET URI=/ajo/api.php?action=sales_summary&date=2025-12-12
COOKIES: {"PHPSESSID":"mkjf4btqt8qi009espcdqqaidq"}
SESSION_ID: mkjf4btqt8qi009espcdqqaidq
SESSION_CONTENT: {"user":{"id":8,"full_name":"ibrahim syahputra","fullname":"","email":"ibraputra111@gmail.com","created_at":"2025-12-11 20:58:31"},"admin":{"id":1,"username":"admin","name":"Administrator"}}
------------------------------------------------------------
2025-12-12T01:21:45+07:00 REMOTE=::1 REQ=GET URI=/ajo/api.php?action=sales_summary&date=2025-12-12
COOKIES: {"PHPSESSID":"mkjf4btqt8qi009espcdqqaidq"}
SESSION_ID: mkjf4btqt8qi009espcdqqaidq
SESSION_CONTENT: {"user":{"id":8,"full_name":"ibrahim syahputra","fullname":"","email":"ibraputra111@gmail.com","created_at":"2025-12-11 20:58:31"},"admin":{"id":1,"username":"admin","name":"Administrator"}}
------------------------------------------------------------
2025-12-12T01:21:50+07:00 REMOTE=::1 REQ=GET URI=/ajo/api.php?action=sales_summary&date=2025-12-12
COOKIES: {"PHPSESSID":"mkjf4btqt8qi009espcdqqaidq"}
SESSION_ID: mkjf4btqt8qi009espcdqqaidq
SESSION_CONTENT: {"user":{"id":8,"full_name":"ibrahim syahputra","fullname":"","email":"ibraputra111@gmail.com","created_at":"2025-12-11 20:58:31"},"admin":{"id":1,"username":"admin","name":"Administrator"}}
------------------------------------------------------------
2025-12-12T01:21:55+07:00 REMOTE=::1 REQ=GET URI=/ajo/api.php?action=sales_summary&date=2025-12-12
COOKIES: {"PHPSESSID":"mkjf4btqt8qi009espcdqqaidq"}
SESSION_ID: mkjf4btqt8qi009espcdqqaidq
SESSION_CONTENT: {"user":{"id":8,"full_name":"ibrahim syahputra","fullname":"","email":"ibraputra111@gmail.com","created_at":"2025-12-11 20:58:31"},"admin":{"id":1,"username":"admin","name":"Administrator"}}
------------------------------------------------------------
2025-12-12T01:22:00+07:00 REMOTE=::1 REQ=GET URI=/ajo/api.php?action=sales_summary&date=2025-12-12
COOKIES: {"PHPSESSID":"mkjf4btqt8qi009espcdqqaidq"}
SESSION_ID: mkjf4btqt8qi009espcdqqaidq
SESSION_CONTENT: {"user":{"id":8,"full_name":"ibrahim syahputra","fullname":"","email":"ibraputra111@gmail.com","created_at":"2025-12-11 20:58:31"},"admin":{"id":1,"username":"admin","name":"Administrator"}}
------------------------------------------------------------
2025-12-12T01:22:05+07:00 REMOTE=::1 REQ=GET URI=/ajo/api.php?action=sales_summary&date=2025-12-12
COOKIES: {"PHPSESSID":"mkjf4btqt8qi009espcdqqaidq"}
SESSION_ID: mkjf4btqt8qi009espcdqqaidq
SESSION_CONTENT: {"user":{"id":8,"full_name":"ibrahim syahputra","fullname":"","email":"ibraputra111@gmail.com","created_at":"2025-12-11 20:58:31"},"admin":{"id":1,"username":"admin","name":"Administrator"}}
------------------------------------------------------------
2025-12-12T01:22:10+07:00 REMOTE=::1 REQ=GET URI=/ajo/api.php?action=sales_summary&date=2025-12-12
COOKIES: {"PHPSESSID":"mkjf4btqt8qi009espcdqqaidq"}
SESSION_ID: mkjf4btqt8qi009espcdqqaidq
SESSION_CONTENT: {"user":{"id":8,"full_name":"ibrahim syahputra","fullname":"","email":"ibraputra111@gmail.com","created_at":"2025-12-11 20:58:31"},"admin":{"id":1,"username":"admin","name":"Administrator"}}
------------------------------------------------------------
2025-12-12T01:22:15+07:00 REMOTE=::1 REQ=GET URI=/ajo/api.php?action=sales_summary&date=2025-12-12
COOKIES: {"PHPSESSID":"mkjf4btqt8qi009espcdqqaidq"}
SESSION_ID: mkjf4btqt8qi009espcdqqaidq
SESSION_CONTENT: {"user":{"id":8,"full_name":"ibrahim syahputra","fullname":"","email":"ibraputra111@gmail.com","created_at":"2025-12-11 20:58:31"},"admin":{"id":1,"username":"admin","name":"Administrator"}}
------------------------------------------------------------
2025-12-12T01:22:20+07:00 REMOTE=::1 REQ=GET URI=/ajo/api.php?action=sales_summary&date=2025-12-12
COOKIES: {"PHPSESSID":"mkjf4btqt8qi009espcdqqaidq"}
SESSION_ID: mkjf4btqt8qi009espcdqqaidq
SESSION_CONTENT: {"user":{"id":8,"full_name":"ibrahim syahputra","fullname":"","email":"ibraputra111@gmail.com","created_at":"2025-12-11 20:58:31"},"admin":{"id":1,"username":"admin","name":"Administrator"}}
------------------------------------------------------------
