2025-12-11T15:35:06+01:00 - sales_summary called; session_admin=yes GET={"action":"sales_summary","date":"2025-12-11"}
2025-12-11T15:35:06+01:00 - exception: SQLSTATE[42S02]: Base table or view not found: 1146 Table 'nasi_padang.orders' doesn't exist
#0 C:\xampp\htdocs\ajo\api.php(61): PDO->query('SHOW COLUMNS FR...')
#1 {main}
2025-12-11T16:15:54+01:00 - sales_summary called; session_admin=yes GET={"action":"sales_summary","date":"2025-12-11"}
2025-12-11T16:16:32+01:00 - sales_summary called; session_admin=yes GET={"action":"sales_summary","date":"2025-12-11"}
2025-12-11T16:16:37+01:00 - sales_summary called; session_admin=yes GET={"action":"sales_summary","date":"2025-12-11"}
2025-12-11T16:16:42+01:00 - sales_summary called; session_admin=yes GET={"action":"sales_summary","date":"2025-12-11"}
2025-12-11T16:23:52+01:00 - sales_summary called; session_admin=yes GET={"action":"sales_summary","date":"2025-12-11"}
2025-12-11T17:07:55+01:00 - sales_summary called; session_admin=yes GET={"action":"sales_summary","date":"2025-12-11"}
2025-12-11T17:16:10+01:00 - sales_summary called; session_admin=yes GET={"action":"sales_summary","date":"2025-12-11"}
2025-12-11T17:16:18+01:00 - sales_summary called; session_admin=yes GET={"action":"sales_summary","date":"2025-12-11"}
2025-12-11T17:16:19+01:00 - sales_summary called; session_admin=yes GET={"action":"sales_summary","date":"2025-12-11"}
2025-12-11T17:16:20+01:00 - sales_summary called; session_admin=yes GET={"action":"sales_summary","date":"2025-12-11"}
2025-12-11T17:18:18+01:00 - sales_summary called; session_admin=yes GET={"action":"sales_summary","date":"2025-12-11"}
2025-12-11T17:20:23+01:00 - sales_summary called; session_admin=yes GET={"action":"sales_summary","date":"2025-12-11"}
2025-12-11T17:26:04+01:00 - sales_summary called; session_admin=yes GET={"action":"sales_summary","date":"2025-12-11"}
2025-12-11T17:29:25+01:00 - sales_summary called; session_admin=yes GET={"action":"sales_summary","date":"2025-12-11"}
2025-12-11T17:33:23+01:00 - sales_summary called; session_admin=yes GET={"action":"sales_summary","date":"2025-12-11"}
2025-12-11T17:47:29+01:00 - sales_summary called; session_admin=yes GET={"action":"sales_summary","date":"2025-12-11"}
2025-12-11T17:57:37+01:00 - sales_summary called; session_admin=yes GET={"action":"sales_summary","date":"2025-12-11"}
2025-12-11T17:57:50+01:00 - sales_summary called; session_admin=yes GET={"action":"sales_summary","date":"2025-12-11"}
2025-12-11T17:57:54+01:00 - sales_summary called; session_admin=yes GET={"action":"sales_summary","date":"2025-12-11"}
2025-12-11T17:57:55+01:00 - sales_summary called; session_admin=yes GET={"action":"sales_summary","date":"2025-12-11"}
2025-12-11T17:57:55+01:00 - sales_summary called; session_admin=yes GET={"action":"sales_summary","date":"2025-12-11"}
2025-12-11T17:57:55+01:00 - sales_summary called; session_admin=yes GET={"action":"sales_summary","date":"2025-12-11"}
2025-12-11T17:57:55+01:00 - sales_summary called; session_admin=yes GET={"action":"sales_summary","date":"2025-12-11"}
2025-12-11T17:57:55+01:00 - sales_summary called; session_admin=yes GET={"action":"sales_summary","date":"2025-12-11"}
2025-12-11T17:57:55+01:00 - sales_summary called; session_admin=yes GET={"action":"sales_summary","date":"2025-12-11"}
2025-12-11T17:57:55+01:00 - sales_summary called; session_admin=yes GET={"action":"sales_summary","date":"2025-12-11"}
2025-12-11T17:57:56+01:00 - sales_summary called; session_admin=yes GET={"action":"sales_summary","date":"2025-12-11"}
2025-12-11T17:57:56+01:00 - sales_summary called; session_admin=yes GET={"action":"sales_summary","date":"2025-12-11"}
2025-12-11T17:57:56+01:00 - sales_summary called; session_admin=yes GET={"action":"sales_summary","date":"2025-12-11"}
2025-12-11T17:57:56+01:00 - sales_summary called; session_admin=yes GET={"action":"sales_summary","date":"2025-12-11"}
2025-12-11T17:58:01+01:00 - sales_summary called; session_admin=yes GET={"action":"sales_summary","date":"2025-12-11"}
2025-12-11T17:58:15+01:00 - sales_summary called; session_admin=yes GET={"action":"sales_summary","date":"2025-12-11"}
2025-12-11T18:00:06+01:00 - sales_summary called; session_admin=yes GET={"action":"sales_summary","date":"2025-12-11"}
2025-12-11T18:00:39+01:00 - sales_summary called; session_admin=yes GET={"action":"sales_summary","date":"2025-12-11"}
2025-12-11T18:03:50+01:00 - sales_summary called; session_admin=yes GET={"action":"sales_summary","date":"2025-12-11"}
2025-12-11T18:04:18+01:00 - sales_summary called; session_admin=yes GET={"action":"sales_summary","date":"2025-12-11"}
2025-12-11T18:05:25+01:00 - sales_summary called; session_admin=yes GET={"action":"sales_summary","date":"2025-12-11"}
2025-12-11T18:06:20+01:00 - sales_summary called; session_admin=yes GET={"action":"sales_summary","date":"2025-12-11"}
2025-12-11T18:06:48+01:00 - sales_summary called; session_admin=yes GET={"action":"sales_summary","date":"2025-12-11"}
2025-12-11T18:06:51+01:00 - sales_summary called; session_admin=yes GET={"action":"sales_summary","date":"2025-12-11"}
2025-12-11T18:07:38+01:00 - sales_summary called; session_admin=yes GET={"action":"sales_summary","date":"2025-12-11"}
2025-12-11T18:49:27+01:00 - sales_summary called; session_admin=yes GET={"action":"sales_summary","date":"2025-12-11"}
2025-12-11T18:49:46+01:00 - sales_summary called; session_admin=yes GET={"action":"sales_summary","date":"2025-12-11"}
2025-12-11T18:55:04+01:00 - sales_summary called; session_admin=yes GET={"action":"sales_summary","date":"2025-12-12"}
2025-12-11T18:55:09+01:00 - sales_summary called; session_admin=yes GET={"action":"sales_summary","date":"2025-12-12"}
2025-12-11T18:55:14+01:00 - sales_summary called; session_admin=yes GET={"action":"sales_summary","date":"2025-12-12"}
2025-12-11T18:55:19+01:00 - sales_summary called; session_admin=yes GET={"action":"sales_summary","date":"2025-12-12"}
2025-12-11T18:55:25+01:00 - sales_summary called; session_admin=yes GET={"action":"sales_summary","date":"2025-12-12"}
2025-12-11T18:55:30+01:00 - sales_summary called; session_admin=yes GET={"action":"sales_summary","date":"2025-12-12"}
2025-12-11T18:55:35+01:00 - sales_summary called; session_admin=yes GET={"action":"sales_summary","date":"2025-12-12"}
2025-12-11T18:55:40+01:00 - sales_summary called; session_admin=yes GET={"action":"sales_summary","date":"2025-12-12"}
2025-12-11T18:55:44+01:00 - sales_summary called; session_admin=yes GET={"action":"sales_summary","date":"2025-12-12"}
2025-12-11T18:55:45+01:00 - sales_summary called; session_admin=yes GET={"action":"sales_summary","date":"2025-12-12"}
2025-12-11T18:55:51+01:00 - sales_summary called; session_admin=yes GET={"action":"sales_summary","date":"2025-12-12"}
2025-12-11T18:55:56+01:00 - sales_summary called; session_admin=yes GET={"action":"sales_summary","date":"2025-12-12"}
2025-12-11T18:56:01+01:00 - sales_summary called; session_admin=yes GET={"action":"sales_summary","date":"2025-12-12"}
2025-12-11T18:56:06+01:00 - sales_summary called; session_admin=yes GET={"action":"sales_summary","date":"2025-12-12"}
2025-12-11T18:56:11+01:00 - sales_summary called; session_admin=yes GET={"action":"sales_summary","date":"2025-12-12"}
2025-12-11T18:56:16+01:00 - sales_summary called; session_admin=yes GET={"action":"sales_summary","date":"2025-12-12"}
2025-12-11T18:56:21+01:00 - sales_summary called; session_admin=yes GET={"action":"sales_summary","date":"2025-12-12"}
2025-12-11T18:56:26+01:00 - sales_summary called; session_admin=yes GET={"action":"sales_summary","date":"2025-12-12"}
2025-12-11T18:56:31+01:00 - sales_summary called; session_admin=yes GET={"action":"sales_summary","date":"2025-12-12"}
2025-12-11T18:56:36+01:00 - sales_summary called; session_admin=yes GET={"action":"sales_summary","date":"2025-12-12"}
2025-12-11T18:56:41+01:00 - sales_summary called; session_admin=yes GET={"action":"sales_summary","date":"2025-12-12"}
2025-12-11T18:56:46+01:00 - sales_summary called; session_admin=yes GET={"action":"sales_summary","date":"2025-12-12"}
2025-12-11T18:56:51+01:00 - sales_summary called; session_admin=yes GET={"action":"sales_summary","date":"2025-12-12"}
2025-12-11T18:56:56+01:00 - sales_summary called; session_admin=yes GET={"action":"sales_summary","date":"2025-12-12"}
2025-12-11T18:57:43+01:00 - sales_summary called; session_admin=yes GET={"action":"sales_summary","date":"2025-12-12"}
2025-12-12T00:58:43+07:00 - sales_summary called; session_admin=yes start=2025-12-12 00:00:00 end=2025-12-12 23:59:59 cnt=0 total_amount=0
2025-12-12T00:58:43+07:00 - rows_fetched=0
2025-12-12T00:59:01+07:00 - sales_summary called; session_admin=yes start=2025-12-12 00:00:00 end=2025-12-12 23:59:59 cnt=0 total_amount=0
2025-12-12T00:59:01+07:00 - rows_fetched=0
2025-12-12T00:59:05+07:00 - sales_summary called; session_admin=yes start=2025-12-12 00:00:00 end=2025-12-12 23:59:59 cnt=0 total_amount=0
2025-12-12T00:59:05+07:00 - rows_fetched=0
2025-12-12T00:59:11+07:00 - sales_summary called; session_admin=yes start=2025-12-12 00:00:00 end=2025-12-12 23:59:59 cnt=0 total_amount=0
2025-12-12T00:59:11+07:00 - rows_fetched=0
2025-12-12T00:59:16+07:00 - sales_summary called; session_admin=yes start=2025-12-12 00:00:00 end=2025-12-12 23:59:59 cnt=0 total_amount=0
2025-12-12T00:59:16+07:00 - rows_fetched=0
2025-12-11T18:59:21+01:00 - sales_summary called; session_admin=yes GET={"action":"sales_summary","date":"2025-12-12"}
2025-12-11T18:59:25+01:00 - sales_summary called; session_admin=yes GET={"action":"sales_summary","date":"2025-12-12"}
2025-12-11T18:59:31+01:00 - sales_summary called; session_admin=yes GET={"action":"sales_summary","date":"2025-12-12"}
2025-12-11T18:59:36+01:00 - sales_summary called; session_admin=yes GET={"action":"sales_summary","date":"2025-12-12"}
2025-12-11T18:59:41+01:00 - sales_summary called; session_admin=yes GET={"action":"sales_summary","date":"2025-12-12"}
2025-12-11T18:59:46+01:00 - sales_summary called; session_admin=yes GET={"action":"sales_summary","date":"2025-12-12"}
2025-12-11T18:59:51+01:00 - sales_summary called; session_admin=yes GET={"action":"sales_summary","date":"2025-12-12"}
2025-12-11T18:59:56+01:00 - sales_summary called; session_admin=yes GET={"action":"sales_summary","date":"2025-12-12"}
2025-12-11T19:00:01+01:00 - sales_summary called; session_admin=yes GET={"action":"sales_summary","date":"2025-12-12"}
2025-12-11T19:00:06+01:00 - sales_summary called; session_admin=yes GET={"action":"sales_summary","date":"2025-12-12"}
2025-12-11T19:00:11+01:00 - sales_summary called; session_admin=yes GET={"action":"sales_summary","date":"2025-12-12"}
2025-12-11T19:00:16+01:00 - sales_summary called; session_admin=yes GET={"action":"sales_summary","date":"2025-12-12"}
2025-12-11T19:00:21+01:00 - sales_summary called; session_admin=yes GET={"action":"sales_summary","date":"2025-12-12"}
2025-12-11T19:00:26+01:00 - sales_summary called; session_admin=yes GET={"action":"sales_summary","date":"2025-12-12"}
2025-12-11T19:00:43+01:00 - sales_summary called; session_admin=yes GET={"action":"sales_summary","date":"2025-12-12"}
2025-12-11T19:01:23+01:00 - sales_summary called; session_admin=yes GET={"action":"sales_summary","date":"2025-12-12"}
2025-12-11T19:01:25+01:00 - sales_summary called; session_admin=yes GET={"action":"sales_summary","date":"2025-12-12"}
2025-12-11T19:01:31+01:00 - sales_summary called; session_admin=yes GET={"action":"sales_summary","date":"2025-12-12"}
2025-12-11T19:01:35+01:00 - sales_summary called; session_admin=yes GET={"action":"sales_summary","date":"2025-12-12"}
2025-12-11T19:01:41+01:00 - sales_summary called; session_admin=yes GET={"action":"sales_summary","date":"2025-12-12"}
2025-12-11T19:01:47+01:00 - sales_summary called; session_admin=yes GET={"action":"sales_summary","date":"2025-12-12"}
2025-12-11T19:01:52+01:00 - sales_summary called; session_admin=yes GET={"action":"sales_summary","date":"2025-12-12"}
2025-12-11T19:01:55+01:00 - sales_summary called; session_admin=yes GET={"action":"sales_summary","date":"2025-12-12"}
2025-12-11T19:02:00+01:00 - sales_summary called; session_admin=yes GET={"action":"sales_summary","date":"2025-12-12"}
2025-12-11T19:02:05+01:00 - sales_summary called; session_admin=yes GET={"action":"sales_summary","date":"2025-12-12"}
2025-12-11T19:02:10+01:00 - sales_summary called; session_admin=yes GET={"action":"sales_summary","date":"2025-12-12"}
2025-12-11T19:02:15+01:00 - sales_summary called; session_admin=yes GET={"action":"sales_summary","date":"2025-12-12"}
2025-12-11T19:02:20+01:00 - sales_summary called; session_admin=yes GET={"action":"sales_summary","date":"2025-12-12"}
2025-12-11T19:02:25+01:00 - sales_summary called; session_admin=yes GET={"action":"sales_summary","date":"2025-12-12"}
2025-12-11T19:02:30+01:00 - sales_summary called; session_admin=yes GET={"action":"sales_summary","date":"2025-12-12"}
2025-12-11T19:02:35+01:00 - sales_summary called; session_admin=yes GET={"action":"sales_summary","date":"2025-12-12"}
2025-12-11T19:02:40+01:00 - sales_summary called; session_admin=yes GET={"action":"sales_summary","date":"2025-12-12"}
2025-12-11T19:02:45+01:00 - sales_summary called; session_admin=yes GET={"action":"sales_summary","date":"2025-12-12"}
2025-12-11T19:02:50+01:00 - sales_summary called; session_admin=yes GET={"action":"sales_summary","date":"2025-12-12"}
2025-12-11T19:02:55+01:00 - sales_summary called; session_admin=yes GET={"action":"sales_summary","date":"2025-12-12"}
2025-12-11T19:03:00+01:00 - sales_summary called; session_admin=yes GET={"action":"sales_summary","date":"2025-12-12"}
2025-12-11T19:03:43+01:00 - sales_summary called; session_admin=yes GET={"action":"sales_summary","date":"2025-12-12"}
2025-12-12T01:04:16+07:00 - sales_summary called; session_admin=yes start=2025-12-12 00:00:00 end=2025-12-12 23:59:59 cnt=0 total_amount=0
2025-12-12T01:04:16+07:00 - rows_fetched=0
2025-12-12T01:04:19+07:00 - sales_summary called; session_admin=yes start=2025-12-12 00:00:00 end=2025-12-12 23:59:59 cnt=0 total_amount=0
2025-12-12T01:04:19+07:00 - rows_fetched=0
2025-12-12T01:04:24+07:00 - sales_summary called; session_admin=yes start=2025-12-12 00:00:00 end=2025-12-12 23:59:59 cnt=0 total_amount=0
2025-12-12T01:04:24+07:00 - rows_fetched=0
2025-12-12T01:04:29+07:00 - sales_summary called; session_admin=yes start=2025-12-12 00:00:00 end=2025-12-12 23:59:59 cnt=0 total_amount=0
2025-12-12T01:04:29+07:00 - rows_fetched=0
2025-12-12T01:04:34+07:00 - sales_summary called; session_admin=yes start=2025-12-12 00:00:00 end=2025-12-12 23:59:59 cnt=0 total_amount=0
2025-12-12T01:04:34+07:00 - rows_fetched=0
2025-12-12T01:04:39+07:00 - sales_summary called; session_admin=yes start=2025-12-12 00:00:00 end=2025-12-12 23:59:59 cnt=0 total_amount=0
2025-12-12T01:04:39+07:00 - rows_fetched=0
2025-12-12T01:04:44+07:00 - sales_summary called; session_admin=yes start=2025-12-12 00:00:00 end=2025-12-12 23:59:59 cnt=0 total_amount=0
2025-12-12T01:04:44+07:00 - rows_fetched=0
2025-12-12T01:04:49+07:00 - sales_summary called; session_admin=yes start=2025-12-12 00:00:00 end=2025-12-12 23:59:59 cnt=0 total_amount=0
2025-12-12T01:04:49+07:00 - rows_fetched=0
2025-12-12T01:04:54+07:00 - sales_summary called; session_admin=yes start=2025-12-12 00:00:00 end=2025-12-12 23:59:59 cnt=0 total_amount=0
2025-12-12T01:04:54+07:00 - rows_fetched=0
2025-12-12T01:04:59+07:00 - sales_summary called; session_admin=yes start=2025-12-12 00:00:00 end=2025-12-12 23:59:59 cnt=0 total_amount=0
2025-12-12T01:04:59+07:00 - rows_fetched=0
2025-12-12T01:05:04+07:00 - sales_summary called; session_admin=yes start=2025-12-12 00:00:00 end=2025-12-12 23:59:59 cnt=0 total_amount=0
2025-12-12T01:05:04+07:00 - rows_fetched=0
2025-12-12T01:05:09+07:00 - sales_summary called; session_admin=yes start=2025-12-12 00:00:00 end=2025-12-12 23:59:59 cnt=0 total_amount=0
2025-12-12T01:05:09+07:00 - rows_fetched=0
2025-12-12T01:05:14+07:00 - sales_summary called; session_admin=yes start=2025-12-12 00:00:00 end=2025-12-12 23:59:59 cnt=0 total_amount=0
2025-12-12T01:05:14+07:00 - rows_fetched=0
2025-12-12T01:05:19+07:00 - sales_summary called; session_admin=yes start=2025-12-12 00:00:00 end=2025-12-12 23:59:59 cnt=0 total_amount=0
2025-12-12T01:05:19+07:00 - rows_fetched=0
2025-12-12T01:05:24+07:00 - sales_summary called; session_admin=yes start=2025-12-12 00:00:00 end=2025-12-12 23:59:59 cnt=0 total_amount=0
2025-12-12T01:05:24+07:00 - rows_fetched=0
2025-12-12T01:05:29+07:00 - sales_summary called; session_admin=yes start=2025-12-12 00:00:00 end=2025-12-12 23:59:59 cnt=0 total_amount=0
2025-12-12T01:05:29+07:00 - rows_fetched=0
2025-12-12T01:05:43+07:00 - sales_summary called; session_admin=yes start=2025-12-12 00:00:00 end=2025-12-12 23:59:59 cnt=0 total_amount=0
2025-12-12T01:05:43+07:00 - rows_fetched=0
2025-12-12T01:06:43+07:00 - sales_summary called; session_admin=yes start=2025-12-12 00:00:00 end=2025-12-12 23:59:59 cnt=0 total_amount=0
2025-12-12T01:06:43+07:00 - rows_fetched=0
2025-12-12T01:07:43+07:00 - sales_summary called; session_admin=yes start=2025-12-12 00:00:00 end=2025-12-12 23:59:59 cnt=0 total_amount=0
2025-12-12T01:07:43+07:00 - rows_fetched=0
2025-12-12T01:08:01+07:00 - sales_summary called; session_admin=yes start=2025-12-12 00:00:00 end=2025-12-12 23:59:59 cnt=0 total_amount=0
2025-12-12T01:08:01+07:00 - rows_fetched=0
2025-12-12T01:08:06+07:00 - sales_summary called; session_admin=yes start=2025-12-12 00:00:00 end=2025-12-12 23:59:59 cnt=0 total_amount=0
2025-12-12T01:08:06+07:00 - rows_fetched=0
2025-12-12T01:08:12+07:00 - sales_summary called; session_admin=yes start=2025-12-12 00:00:00 end=2025-12-12 23:59:59 cnt=0 total_amount=0
2025-12-12T01:08:12+07:00 - rows_fetched=0
2025-12-12T01:08:17+07:00 - sales_summary called; session_admin=yes start=2025-12-12 00:00:00 end=2025-12-12 23:59:59 cnt=0 total_amount=0
2025-12-12T01:08:17+07:00 - rows_fetched=0
2025-12-12T01:08:22+07:00 - sales_summary called; session_admin=yes start=2025-12-12 00:00:00 end=2025-12-12 23:59:59 cnt=0 total_amount=0
2025-12-12T01:08:22+07:00 - rows_fetched=0
2025-12-12T01:08:27+07:00 - sales_summary called; session_admin=yes start=2025-12-12 00:00:00 end=2025-12-12 23:59:59 cnt=0 total_amount=0
2025-12-12T01:08:27+07:00 - rows_fetched=0
2025-12-12T01:08:32+07:00 - sales_summary called; session_admin=yes start=2025-12-12 00:00:00 end=2025-12-12 23:59:59 cnt=0 total_amount=0
2025-12-12T01:08:32+07:00 - rows_fetched=0
2025-12-12T01:08:37+07:00 - sales_summary called; session_admin=yes start=2025-12-12 00:00:00 end=2025-12-12 23:59:59 cnt=0 total_amount=0
2025-12-12T01:08:37+07:00 - rows_fetched=0
2025-12-12T01:08:42+07:00 - sales_summary called; session_admin=yes start=2025-12-12 00:00:00 end=2025-12-12 23:59:59 cnt=0 total_amount=0
2025-12-12T01:08:42+07:00 - rows_fetched=0
2025-12-12T01:08:47+07:00 - sales_summary called; session_admin=yes start=2025-12-12 00:00:00 end=2025-12-12 23:59:59 cnt=0 total_amount=0
2025-12-12T01:08:47+07:00 - rows_fetched=0
2025-12-12T01:08:52+07:00 - sales_summary called; session_admin=yes start=2025-12-12 00:00:00 end=2025-12-12 23:59:59 cnt=0 total_amount=0
2025-12-12T01:08:52+07:00 - rows_fetched=0
2025-12-12T01:08:57+07:00 - sales_summary called; session_admin=yes start=2025-12-12 00:00:00 end=2025-12-12 23:59:59 cnt=0 total_amount=0
2025-12-12T01:08:57+07:00 - rows_fetched=0
2025-12-12T01:09:02+07:00 - sales_summary called; session_admin=yes start=2025-12-12 00:00:00 end=2025-12-12 23:59:59 cnt=0 total_amount=0
2025-12-12T01:09:02+07:00 - rows_fetched=0
2025-12-12T01:09:07+07:00 - sales_summary called; session_admin=yes start=2025-12-12 00:00:00 end=2025-12-12 23:59:59 cnt=0 total_amount=0
2025-12-12T01:09:07+07:00 - rows_fetched=0
2025-12-12T01:09:43+07:00 - sales_summary called; session_admin=yes start=2025-12-12 00:00:00 end=2025-12-12 23:59:59 cnt=0 total_amount=0
2025-12-12T01:09:43+07:00 - rows_fetched=0
2025-12-12T01:10:43+07:00 - sales_summary called; session_admin=yes start=2025-12-12 00:00:00 end=2025-12-12 23:59:59 cnt=0 total_amount=0
2025-12-12T01:10:43+07:00 - rows_fetched=0
2025-12-12T01:11:43+07:00 - sales_summary called; session_admin=yes start=2025-12-12 00:00:00 end=2025-12-12 23:59:59 cnt=0 total_amount=0
2025-12-12T01:11:43+07:00 - rows_fetched=0
2025-12-12T01:12:41+07:00 - sales_summary called; session_admin=yes start=2025-12-12 00:00:00 end=2025-12-12 23:59:59 cnt=0 total_amount=0
2025-12-12T01:12:41+07:00 - rows_fetched=0
2025-12-12T01:12:41+07:00 - sales_summary called; session_admin=yes start=2025-12-12 00:00:00 end=2025-12-12 23:59:59 cnt=0 total_amount=0
2025-12-12T01:12:41+07:00 - rows_fetched=0
2025-12-12T01:12:45+07:00 - sales_summary called; session_admin=yes start=2025-12-12 00:00:00 end=2025-12-12 23:59:59 cnt=0 total_amount=0
2025-12-12T01:12:45+07:00 - rows_fetched=0
2025-12-12T01:12:51+07:00 - sales_summary called; session_admin=yes start=2025-12-12 00:00:00 end=2025-12-12 23:59:59 cnt=0 total_amount=0
2025-12-12T01:12:51+07:00 - rows_fetched=0
2025-12-12T01:12:56+07:00 - sales_summary called; session_admin=yes start=2025-12-12 00:00:00 end=2025-12-12 23:59:59 cnt=0 total_amount=0
2025-12-12T01:12:56+07:00 - rows_fetched=0
2025-12-12T01:13:01+07:00 - sales_summary called; session_admin=yes start=2025-12-12 00:00:00 end=2025-12-12 23:59:59 cnt=0 total_amount=0
2025-12-12T01:13:01+07:00 - rows_fetched=0
2025-12-12T01:13:06+07:00 - sales_summary called; session_admin=yes start=2025-12-12 00:00:00 end=2025-12-12 23:59:59 cnt=0 total_amount=0
2025-12-12T01:13:06+07:00 - rows_fetched=0
2025-12-12T01:13:11+07:00 - sales_summary called; session_admin=yes start=2025-12-12 00:00:00 end=2025-12-12 23:59:59 cnt=0 total_amount=0
2025-12-12T01:13:11+07:00 - rows_fetched=0
2025-12-12T01:13:16+07:00 - sales_summary called; session_admin=yes start=2025-12-12 00:00:00 end=2025-12-12 23:59:59 cnt=0 total_amount=0
2025-12-12T01:13:16+07:00 - rows_fetched=0
2025-12-12T01:13:21+07:00 - sales_summary called; session_admin=yes start=2025-12-12 00:00:00 end=2025-12-12 23:59:59 cnt=0 total_amount=0
2025-12-12T01:13:21+07:00 - rows_fetched=0
2025-12-12T01:13:26+07:00 - sales_summary called; session_admin=yes start=2025-12-12 00:00:00 end=2025-12-12 23:59:59 cnt=0 total_amount=0
2025-12-12T01:13:26+07:00 - rows_fetched=0
2025-12-12T01:13:31+07:00 - sales_summary called; session_admin=yes start=2025-12-12 00:00:00 end=2025-12-12 23:59:59 cnt=0 total_amount=0
2025-12-12T01:13:31+07:00 - rows_fetched=0
2025-12-12T01:13:36+07:00 - sales_summary called; session_admin=yes start=2025-12-12 00:00:00 end=2025-12-12 23:59:59 cnt=0 total_amount=0
2025-12-12T01:13:36+07:00 - rows_fetched=0
2025-12-12T01:13:41+07:00 - sales_summary called; session_admin=yes start=2025-12-12 00:00:00 end=2025-12-12 23:59:59 cnt=0 total_amount=0
2025-12-12T01:13:41+07:00 - rows_fetched=0
2025-12-12T01:13:46+07:00 - sales_summary called; session_admin=yes start=2025-12-12 00:00:00 end=2025-12-12 23:59:59 cnt=0 total_amount=0
2025-12-12T01:13:46+07:00 - rows_fetched=0
2025-12-12T01:13:51+07:00 - sales_summary called; session_admin=yes start=2025-12-12 00:00:00 end=2025-12-12 23:59:59 cnt=0 total_amount=0
2025-12-12T01:13:51+07:00 - rows_fetched=0
2025-12-12T01:13:56+07:00 - sales_summary called; session_admin=yes start=2025-12-12 00:00:00 end=2025-12-12 23:59:59 cnt=0 total_amount=0
2025-12-12T01:13:56+07:00 - rows_fetched=0
2025-12-12T01:14:01+07:00 - sales_summary called; session_admin=yes start=2025-12-12 00:00:00 end=2025-12-12 23:59:59 cnt=0 total_amount=0
2025-12-12T01:14:01+07:00 - rows_fetched=0
2025-12-12T01:14:05+07:00 - sales_summary called; session_admin=yes start=2025-12-12 00:00:00 end=2025-12-12 23:59:59 cnt=0 total_amount=0
2025-12-12T01:14:05+07:00 - rows_fetched=0
2025-12-12T01:14:08+07:00 - sales_summary called; session_admin=yes start=2025-12-12 00:00:00 end=2025-12-12 23:59:59 cnt=0 total_amount=0
2025-12-12T01:14:08+07:00 - rows_fetched=0
2025-12-12T01:14:12+07:00 - sales_summary called; session_admin=yes start=2025-12-12 00:00:00 end=2025-12-12 23:59:59 cnt=0 total_amount=0
2025-12-12T01:14:12+07:00 - rows_fetched=0
2025-12-12T01:14:17+07:00 - sales_summary called; session_admin=yes start=2025-12-12 00:00:00 end=2025-12-12 23:59:59 cnt=0 total_amount=0
2025-12-12T01:14:17+07:00 - rows_fetched=0
2025-12-12T01:14:22+07:00 - sales_summary called; session_admin=yes start=2025-12-12 00:00:00 end=2025-12-12 23:59:59 cnt=0 total_amount=0
2025-12-12T01:14:22+07:00 - rows_fetched=0
2025-12-12T01:14:27+07:00 - sales_summary called; session_admin=yes start=2025-12-12 00:00:00 end=2025-12-12 23:59:59 cnt=0 total_amount=0
2025-12-12T01:14:27+07:00 - rows_fetched=0
2025-12-12T01:14:32+07:00 - sales_summary called; session_admin=yes start=2025-12-12 00:00:00 end=2025-12-12 23:59:59 cnt=0 total_amount=0
2025-12-12T01:14:32+07:00 - rows_fetched=0
2025-12-12T01:14:37+07:00 - sales_summary called; session_admin=yes start=2025-12-12 00:00:00 end=2025-12-12 23:59:59 cnt=0 total_amount=0
2025-12-12T01:14:37+07:00 - rows_fetched=0
2025-12-12T01:14:42+07:00 - sales_summary called; session_admin=yes start=2025-12-12 00:00:00 end=2025-12-12 23:59:59 cnt=0 total_amount=0
2025-12-12T01:14:42+07:00 - rows_fetched=0
2025-12-12T01:14:48+07:00 - sales_summary called; session_admin=yes start=2025-12-12 00:00:00 end=2025-12-12 23:59:59 cnt=0 total_amount=0
2025-12-12T01:14:48+07:00 - rows_fetched=0
2025-12-12T01:14:53+07:00 - sales_summary called; session_admin=yes start=2025-12-12 00:00:00 end=2025-12-12 23:59:59 cnt=0 total_amount=0
2025-12-12T01:14:53+07:00 - rows_fetched=0
2025-12-12T01:14:58+07:00 - sales_summary called; session_admin=yes start=2025-12-12 00:00:00 end=2025-12-12 23:59:59 cnt=0 total_amount=0
2025-12-12T01:14:58+07:00 - rows_fetched=0
2025-12-12T01:15:03+07:00 - sales_summary called; session_admin=yes start=2025-12-12 00:00:00 end=2025-12-12 23:59:59 cnt=0 total_amount=0
2025-12-12T01:15:03+07:00 - rows_fetched=0
2025-12-12T01:15:08+07:00 - sales_summary called; session_admin=yes start=2025-12-12 00:00:00 end=2025-12-12 23:59:59 cnt=0 total_amount=0
2025-12-12T01:15:08+07:00 - rows_fetched=0
2025-12-12T01:15:13+07:00 - sales_summary called; session_admin=yes start=2025-12-12 00:00:00 end=2025-12-12 23:59:59 cnt=0 total_amount=0
2025-12-12T01:15:13+07:00 - rows_fetched=0
2025-12-12T01:15:18+07:00 - sales_summary called; session_admin=yes start=2025-12-12 00:00:00 end=2025-12-12 23:59:59 cnt=0 total_amount=0
2025-12-12T01:15:18+07:00 - rows_fetched=0
2025-12-12T01:15:23+07:00 - sales_summary called; session_admin=yes start=2025-12-12 00:00:00 end=2025-12-12 23:59:59 cnt=0 total_amount=0
2025-12-12T01:15:23+07:00 - rows_fetched=0
2025-12-12T01:15:28+07:00 - sales_summary called; session_admin=yes start=2025-12-12 00:00:00 end=2025-12-12 23:59:59 cnt=0 total_amount=0
2025-12-12T01:15:28+07:00 - rows_fetched=0
2025-12-12T01:15:33+07:00 - sales_summary called; session_admin=yes start=2025-12-12 00:00:00 end=2025-12-12 23:59:59 cnt=0 total_amount=0
2025-12-12T01:15:33+07:00 - rows_fetched=0
2025-12-12T01:15:38+07:00 - sales_summary called; session_admin=yes start=2025-12-12 00:00:00 end=2025-12-12 23:59:59 cnt=0 total_amount=0
2025-12-12T01:15:38+07:00 - rows_fetched=0
2025-12-12T01:15:43+07:00 - sales_summary called; session_admin=yes start=2025-12-12 00:00:00 end=2025-12-12 23:59:59 cnt=0 total_amount=0
2025-12-12T01:15:43+07:00 - rows_fetched=0
2025-12-12T01:16:35+07:00 - sales_summary called; session_admin=yes start=2025-12-12 00:00:00 end=2025-12-12 23:59:59 cnt=0 total_amount=0
2025-12-12T01:16:35+07:00 - rows_fetched=0
2025-12-12T01:16:37+07:00 - sales_summary called; session_admin=yes start=2025-12-12 00:00:00 end=2025-12-12 23:59:59 cnt=0 total_amount=0
2025-12-12T01:16:37+07:00 - rows_fetched=0
2025-12-12T01:16:43+07:00 - sales_summary called; session_admin=yes start=2025-12-12 00:00:00 end=2025-12-12 23:59:59 cnt=0 total_amount=0
2025-12-12T01:16:43+07:00 - rows_fetched=0
2025-12-12T01:16:48+07:00 - sales_summary called; session_admin=yes start=2025-12-12 00:00:00 end=2025-12-12 23:59:59 cnt=0 total_amount=0
2025-12-12T01:16:48+07:00 - rows_fetched=0
2025-12-12T01:16:53+07:00 - sales_summary called; session_admin=yes start=2025-12-12 00:00:00 end=2025-12-12 23:59:59 cnt=0 total_amount=0
2025-12-12T01:16:53+07:00 - rows_fetched=0
2025-12-12T01:16:58+07:00 - sales_summary called; session_admin=yes start=2025-12-12 00:00:00 end=2025-12-12 23:59:59 cnt=0 total_amount=0
2025-12-12T01:16:58+07:00 - rows_fetched=0
2025-12-12T01:17:00+07:00 - sales_summary called; session_admin=yes start=2025-12-12 00:00:00 end=2025-12-12 23:59:59 cnt=0 total_amount=0
2025-12-12T01:17:00+07:00 - rows_fetched=0
2025-12-12T01:17:02+07:00 - sales_summary called; session_admin=yes start=2025-12-12 00:00:00 end=2025-12-12 23:59:59 cnt=0 total_amount=0
2025-12-12T01:17:02+07:00 - rows_fetched=0
2025-12-12T01:17:08+07:00 - sales_summary called; session_admin=yes start=2025-12-12 00:00:00 end=2025-12-12 23:59:59 cnt=0 total_amount=0
2025-12-12T01:17:08+07:00 - rows_fetched=0
2025-12-12T01:17:13+07:00 - sales_summary called; session_admin=yes start=2025-12-12 00:00:00 end=2025-12-12 23:59:59 cnt=0 total_amount=0
2025-12-12T01:17:13+07:00 - rows_fetched=0
2025-12-12T01:17:18+07:00 - sales_summary called; session_admin=yes start=2025-12-12 00:00:00 end=2025-12-12 23:59:59 cnt=0 total_amount=0
2025-12-12T01:17:18+07:00 - rows_fetched=0
2025-12-12T01:17:23+07:00 - sales_summary called; session_admin=yes start=2025-12-12 00:00:00 end=2025-12-12 23:59:59 cnt=0 total_amount=0
2025-12-12T01:17:23+07:00 - rows_fetched=0
2025-12-12T01:17:28+07:00 - sales_summary called; session_admin=yes start=2025-12-12 00:00:00 end=2025-12-12 23:59:59 cnt=0 total_amount=0
2025-12-12T01:17:28+07:00 - rows_fetched=0
2025-12-12T01:17:33+07:00 - sales_summary called; session_admin=yes start=2025-12-12 00:00:00 end=2025-12-12 23:59:59 cnt=0 total_amount=0
2025-12-12T01:17:33+07:00 - rows_fetched=0
2025-12-12T01:17:38+07:00 - sales_summary called; session_admin=yes start=2025-12-12 00:00:00 end=2025-12-12 23:59:59 cnt=0 total_amount=0
2025-12-12T01:17:38+07:00 - rows_fetched=0
2025-12-12T01:17:43+07:00 - sales_summary called; session_admin=yes start=2025-12-12 00:00:00 end=2025-12-12 23:59:59 cnt=0 total_amount=0
2025-12-12T01:17:43+07:00 - rows_fetched=0
2025-12-12T01:17:48+07:00 - sales_summary called; session_admin=yes start=2025-12-12 00:00:00 end=2025-12-12 23:59:59 cnt=0 total_amount=0
2025-12-12T01:17:48+07:00 - rows_fetched=0
2025-12-12T01:17:53+07:00 - sales_summary called; session_admin=yes start=2025-12-12 00:00:00 end=2025-12-12 23:59:59 cnt=0 total_amount=0
2025-12-12T01:17:53+07:00 - rows_fetched=0
2025-12-12T01:17:58+07:00 - sales_summary called; session_admin=yes start=2025-12-12 00:00:00 end=2025-12-12 23:59:59 cnt=0 total_amount=0
2025-12-12T01:17:58+07:00 - rows_fetched=0
2025-12-12T01:18:03+07:00 - sales_summary called; session_admin=yes start=2025-12-12 00:00:00 end=2025-12-12 23:59:59 cnt=0 total_amount=0
2025-12-12T01:18:03+07:00 - rows_fetched=0
2025-12-12T01:18:43+07:00 - sales_summary called; session_admin=yes start=2025-12-12 00:00:00 end=2025-12-12 23:59:59 cnt=0 total_amount=0
2025-12-12T01:18:43+07:00 - rows_fetched=0
2025-12-12T01:19:43+07:00 - sales_summary called; session_admin=yes start=2025-12-12 00:00:00 end=2025-12-12 23:59:59 cnt=0 total_amount=0
2025-12-12T01:19:43+07:00 - rows_fetched=0
2025-12-12T01:20:43+07:00 - sales_summary called; session_admin=yes start=2025-12-12 00:00:00 end=2025-12-12 23:59:59 cnt=0 total_amount=0
2025-12-12T01:20:43+07:00 - rows_fetched=0
2025-12-12T01:21:26+07:00 - sales_summary called; session_admin=yes start=2025-12-12 00:00:00 end=2025-12-12 23:59:59 cnt=0 total_amount=0
2025-12-12T01:21:26+07:00 - rows_fetched=0
2025-12-12T01:21:27+07:00 - sales_summary called; session_admin=yes start=2025-12-12 00:00:00 end=2025-12-12 23:59:59 cnt=0 total_amount=0
2025-12-12T01:21:27+07:00 - rows_fetched=0
2025-12-12T01:21:30+07:00 - sales_summary called; session_admin=yes start=2025-12-12 00:00:00 end=2025-12-12 23:59:59 cnt=0 total_amount=0
2025-12-12T01:21:30+07:00 - rows_fetched=0
2025-12-12T01:21:35+07:00 - sales_summary called; session_admin=yes start=2025-12-12 00:00:00 end=2025-12-12 23:59:59 cnt=0 total_amount=0
2025-12-12T01:21:35+07:00 - rows_fetched=0
2025-12-12T01:21:40+07:00 - sales_summary called; session_admin=yes start=2025-12-12 00:00:00 end=2025-12-12 23:59:59 cnt=0 total_amount=0
2025-12-12T01:21:40+07:00 - rows_fetched=0
2025-12-12T01:21:45+07:00 - sales_summary called; session_admin=yes start=2025-12-12 00:00:00 end=2025-12-12 23:59:59 cnt=0 total_amount=0
2025-12-12T01:21:45+07:00 - rows_fetched=0
2025-12-12T01:21:50+07:00 - sales_summary called; session_admin=yes start=2025-12-12 00:00:00 end=2025-12-12 23:59:59 cnt=0 total_amount=0
2025-12-12T01:21:50+07:00 - rows_fetched=0
2025-12-12T01:21:55+07:00 - sales_summary called; session_admin=yes start=2025-12-12 00:00:00 end=2025-12-12 23:59:59 cnt=0 total_amount=0
2025-12-12T01:21:55+07:00 - rows_fetched=0
2025-12-12T01:22:00+07:00 - sales_summary called; session_admin=yes start=2025-12-12 00:00:00 end=2025-12-12 23:59:59 cnt=0 total_amount=0
2025-12-12T01:22:00+07:00 - rows_fetched=0
2025-12-12T01:22:05+07:00 - sales_summary called; session_admin=yes start=2025-12-12 00:00:00 end=2025-12-12 23:59:59 cnt=0 total_amount=0
2025-12-12T01:22:05+07:00 - rows_fetched=0
2025-12-12T01:22:10+07:00 - sales_summary called; session_admin=yes start=2025-12-12 00:00:00 end=2025-12-12 23:59:59 cnt=0 total_amount=0
2025-12-12T01:22:10+07:00 - rows_fetched=0
2025-12-12T01:22:15+07:00 - sales_summary called; session_admin=yes start=2025-12-12 00:00:00 end=2025-12-12 23:59:59 cnt=0 total_amount=0
2025-12-12T01:22:15+07:00 - rows_fetched=0
2025-12-12T01:22:20+07:00 - sales_summary called; session_admin=yes start=2025-12-12 00:00:00 end=2025-12-12 23:59:59 cnt=0 total_amount=0
2025-12-12T01:22:20+07:00 - rows_fetched=0
2025-12-11T19:22:24+01:00 - sales_summary called; session_admin=yes GET={"action":"sales_summary","date":"2025-12-12"}
2025-12-11T19:22:30+01:00 - sales_summary called; session_admin=yes GET={"action":"sales_summary","date":"2025-12-12"}
2025-12-11T19:22:35+01:00 - sales_summary called; session_admin=yes GET={"action":"sales_summary","date":"2025-12-12"}
2025-12-11T19:22:40+01:00 - sales_summary called; session_admin=yes GET={"action":"sales_summary","date":"2025-12-12"}
2025-12-11T19:22:45+01:00 - sales_summary called; session_admin=yes GET={"action":"sales_summary","date":"2025-12-12"}
2025-12-11T19:22:50+01:00 - sales_summary called; session_admin=yes GET={"action":"sales_summary","date":"2025-12-12"}
2025-12-11T19:22:51+01:00 - sales_summary called; session_admin=yes GET={"action":"sales_summary","date":"2025-12-11"}
2025-12-11T19:23:26+01:00 - sales_summary called; session_admin=yes GET={"action":"sales_summary","date":"2025-12-11"}
2025-12-11T19:28:35+01:00 - sales_summary called; session_admin=yes GET={"action":"sales_summary","date":"2025-12-11"}
2025-12-11T19:29:09+01:00 - sales_summary called; session_admin=yes GET={"action":"sales_summary","date":"2025-12-11"}
2025-12-11T19:29:10+01:00 - sales_summary called; session_admin=yes GET={"action":"sales_summary","date":"2025-12-11"}
2025-12-11T19:29:10+01:00 - sales_summary called; session_admin=yes GET={"action":"sales_summary","date":"2025-12-11"}
2025-12-11T19:29:10+01:00 - sales_summary called; session_admin=yes GET={"action":"sales_summary","date":"2025-12-11"}
2025-12-11T19:29:10+01:00 - sales_summary called; session_admin=yes GET={"action":"sales_summary","date":"2025-12-11"}
2025-12-11T19:29:11+01:00 - sales_summary called; session_admin=yes GET={"action":"sales_summary","date":"2025-12-11"}
2025-12-11T19:29:11+01:00 - sales_summary called; session_admin=yes GET={"action":"sales_summary","date":"2025-12-11"}
2025-12-11T19:29:11+01:00 - sales_summary called; session_admin=yes GET={"action":"sales_summary","date":"2025-12-11"}
2025-12-11T19:29:11+01:00 - sales_summary called; session_admin=yes GET={"action":"sales_summary","date":"2025-12-11"}
2025-12-11T19:29:11+01:00 - sales_summary called; session_admin=yes GET={"action":"sales_summary","date":"2025-12-11"}
2025-12-11T19:29:11+01:00 - sales_summary called; session_admin=yes GET={"action":"sales_summary","date":"2025-12-11"}
2025-12-11T19:29:13+01:00 - sales_summary called; session_admin=yes GET={"action":"sales_summary","date":"2025-12-11"}
2025-12-11T19:34:19+01:00 - sales_summary called; session_admin=yes GET={"action":"sales_summary","date":"2025-12-11"}
2025-12-11T19:38:38+01:00 - sales_summary called; session_admin=yes GET={"action":"sales_summary","date":"2025-12-11"}
2025-12-11T19:39:56+01:00 - sales_summary called; session_admin=yes GET={"action":"sales_summary","date":"2025-12-11"}
2025-12-11T19:41:04+01:00 - sales_summary called; session_admin=yes GET={"action":"sales_summary","date":"2025-12-11"}
2025-12-11T19:44:07+01:00 - sales_summary called; session_admin=yes GET={"action":"sales_summary","date":"2025-12-11"}
2025-12-11T19:44:07+01:00 - sales_summary called; session_admin=yes GET={"action":"sales_summary","date":"2025-12-11"}
2025-12-11T19:48:08+01:00 - sales_summary called; session_admin=yes GET={"action":"sales_summary","date":"2025-12-11"}
2025-12-11T19:48:11+01:00 - sales_summary called; session_admin=yes GET={"action":"sales_summary","date":"2025-12-11"}
2025-12-11T19:48:12+01:00 - sales_summary called; session_admin=yes GET={"action":"sales_summary","date":"2025-12-11"}
2025-12-11T19:48:12+01:00 - sales_summary called; session_admin=yes GET={"action":"sales_summary","date":"2025-12-11"}
2025-12-11T19:48:17+01:00 - sales_summary called; session_admin=yes GET={"action":"sales_summary","date":"2025-12-11"}
2025-12-11T19:48:22+01:00 - sales_summary called; session_admin=yes GET={"action":"sales_summary","date":"2025-12-11"}
2025-12-11T19:48:27+01:00 - sales_summary called; session_admin=yes GET={"action":"sales_summary","date":"2025-12-11"}
2025-12-11T19:57:46+01:00 - sales_summary called; session_admin=yes GET={"action":"sales_summary","date":"2025-12-11"}
2025-12-11T19:57:49+01:00 - sales_summary called; session_admin=yes GET={"action":"sales_summary","date":"2025-12-12"}
2025-12-11T19:58:35+01:00 - sales_summary called; session_admin=yes GET={"action":"sales_summary","date":"2025-12-12"}
